../Drivers/STM32L0xx_HAL_Driver/Inc/stm32l0xx_ll_usart.h:2613:26:LL_USART_IsActiveFlag_RXNE	16	static
../Drivers/STM32L0xx_HAL_Driver/Inc/stm32l0xx_ll_usart.h:2635:26:LL_USART_IsActiveFlag_TXE	16	static
../Drivers/STM32L0xx_HAL_Driver/Inc/stm32l0xx_ll_usart.h:3609:25:LL_USART_ReceiveData8	16	static
../Drivers/STM32L0xx_HAL_Driver/Inc/stm32l0xx_ll_usart.h:3632:22:LL_USART_TransmitData8	16	static
../Core/Src/Serial.c:13:9:SerialTransmit	24	static
../Core/Src/Serial.c:23:6:SerialReceiveChar	8	static
../Core/Src/Serial.c:30:6:SerialReceiveByte	8	static
