../Drivers/CMSIS/Include/core_cm0plus.h:741:22:__NVIC_EnableIRQ	16	static
../Drivers/CMSIS/Include/core_cm0plus.h:848:22:__NVIC_SetPriority	24	static
../Drivers/STM32L0xx_HAL_Driver/Inc/stm32l0xx_ll_bus.h:438:22:LL_APB1_GRP1_EnableClock	24	static
../Drivers/STM32L0xx_HAL_Driver/Inc/stm32l0xx_ll_bus.h:784:22:LL_APB2_GRP1_EnableClock	24	static
../Drivers/STM32L0xx_HAL_Driver/Inc/stm32l0xx_ll_bus.h:985:22:LL_IOP_GRP1_EnableClock	24	static
../Drivers/STM32L0xx_HAL_Driver/Inc/stm32l0xx_ll_tim.h:1092:22:LL_TIM_DisableARRPreload	16	static
../Drivers/STM32L0xx_HAL_Driver/Inc/stm32l0xx_ll_tim.h:1502:22:LL_TIM_OC_DisableFast	24	static
../Drivers/STM32L0xx_HAL_Driver/Inc/stm32l0xx_ll_tim.h:1546:22:LL_TIM_OC_EnablePreload	24	static
../Drivers/STM32L0xx_HAL_Driver/Inc/stm32l0xx_ll_tim.h:2219:22:LL_TIM_SetClockSource	16	static
../Drivers/STM32L0xx_HAL_Driver/Inc/stm32l0xx_ll_tim.h:2265:22:LL_TIM_SetTriggerOutput	16	static
../Drivers/STM32L0xx_HAL_Driver/Inc/stm32l0xx_ll_tim.h:2331:22:LL_TIM_DisableMasterSlaveMode	16	static
../Core/Src/tim.c:28:6:MX_TIM2_Init	72	static
../Core/Src/tim.c:78:6:MX_TIM21_Init	24	static
