Archive member included to satisfy reference by file (symbol)

/opt/st/stm32cubeide_1.14.0/plugins/com.st.stm32cube.ide.mcu.externaltools.gnu-tools-for-stm32.11.3.rel1.linux64_1.1.100.202309141235/tools/bin/../lib/gcc/arm-none-eabi/11.3.1/../../../../arm-none-eabi/lib/thumb/v6-m/nofp/libc_nano.a(libc_a-exit.o)
                              /opt/st/stm32cubeide_1.14.0/plugins/com.st.stm32cube.ide.mcu.externaltools.gnu-tools-for-stm32.11.3.rel1.linux64_1.1.100.202309141235/tools/bin/../lib/gcc/arm-none-eabi/11.3.1/../../../../arm-none-eabi/lib/thumb/v6-m/nofp/crt0.o (exit)
/opt/st/stm32cubeide_1.14.0/plugins/com.st.stm32cube.ide.mcu.externaltools.gnu-tools-for-stm32.11.3.rel1.linux64_1.1.100.202309141235/tools/bin/../lib/gcc/arm-none-eabi/11.3.1/../../../../arm-none-eabi/lib/thumb/v6-m/nofp/libc_nano.a(libc_a-findfp.o)
                              /opt/st/stm32cubeide_1.14.0/plugins/com.st.stm32cube.ide.mcu.externaltools.gnu-tools-for-stm32.11.3.rel1.linux64_1.1.100.202309141235/tools/bin/../lib/gcc/arm-none-eabi/11.3.1/../../../../arm-none-eabi/lib/thumb/v6-m/nofp/libc_nano.a(libc_a-exit.o) (__stdio_exit_handler)
/opt/st/stm32cubeide_1.14.0/plugins/com.st.stm32cube.ide.mcu.externaltools.gnu-tools-for-stm32.11.3.rel1.linux64_1.1.100.202309141235/tools/bin/../lib/gcc/arm-none-eabi/11.3.1/../../../../arm-none-eabi/lib/thumb/v6-m/nofp/libc_nano.a(libc_a-fwalk.o)
                              /opt/st/stm32cubeide_1.14.0/plugins/com.st.stm32cube.ide.mcu.externaltools.gnu-tools-for-stm32.11.3.rel1.linux64_1.1.100.202309141235/tools/bin/../lib/gcc/arm-none-eabi/11.3.1/../../../../arm-none-eabi/lib/thumb/v6-m/nofp/libc_nano.a(libc_a-findfp.o) (_fwalk_sglue)
/opt/st/stm32cubeide_1.14.0/plugins/com.st.stm32cube.ide.mcu.externaltools.gnu-tools-for-stm32.11.3.rel1.linux64_1.1.100.202309141235/tools/bin/../lib/gcc/arm-none-eabi/11.3.1/../../../../arm-none-eabi/lib/thumb/v6-m/nofp/libc_nano.a(libc_a-snprintf.o)
                              ./Core/Src/Shell.o (snprintf)
/opt/st/stm32cubeide_1.14.0/plugins/com.st.stm32cube.ide.mcu.externaltools.gnu-tools-for-stm32.11.3.rel1.linux64_1.1.100.202309141235/tools/bin/../lib/gcc/arm-none-eabi/11.3.1/../../../../arm-none-eabi/lib/thumb/v6-m/nofp/libc_nano.a(libc_a-stdio.o)
                              /opt/st/stm32cubeide_1.14.0/plugins/com.st.stm32cube.ide.mcu.externaltools.gnu-tools-for-stm32.11.3.rel1.linux64_1.1.100.202309141235/tools/bin/../lib/gcc/arm-none-eabi/11.3.1/../../../../arm-none-eabi/lib/thumb/v6-m/nofp/libc_nano.a(libc_a-findfp.o) (__sread)
/opt/st/stm32cubeide_1.14.0/plugins/com.st.stm32cube.ide.mcu.externaltools.gnu-tools-for-stm32.11.3.rel1.linux64_1.1.100.202309141235/tools/bin/../lib/gcc/arm-none-eabi/11.3.1/../../../../arm-none-eabi/lib/thumb/v6-m/nofp/libc_nano.a(libc_a-memset.o)
                              /opt/st/stm32cubeide_1.14.0/plugins/com.st.stm32cube.ide.mcu.externaltools.gnu-tools-for-stm32.11.3.rel1.linux64_1.1.100.202309141235/tools/bin/../lib/gcc/arm-none-eabi/11.3.1/../../../../arm-none-eabi/lib/thumb/v6-m/nofp/crt0.o (memset)
/opt/st/stm32cubeide_1.14.0/plugins/com.st.stm32cube.ide.mcu.externaltools.gnu-tools-for-stm32.11.3.rel1.linux64_1.1.100.202309141235/tools/bin/../lib/gcc/arm-none-eabi/11.3.1/../../../../arm-none-eabi/lib/thumb/v6-m/nofp/libc_nano.a(libc_a-closer.o)
                              /opt/st/stm32cubeide_1.14.0/plugins/com.st.stm32cube.ide.mcu.externaltools.gnu-tools-for-stm32.11.3.rel1.linux64_1.1.100.202309141235/tools/bin/../lib/gcc/arm-none-eabi/11.3.1/../../../../arm-none-eabi/lib/thumb/v6-m/nofp/libc_nano.a(libc_a-stdio.o) (_close_r)
/opt/st/stm32cubeide_1.14.0/plugins/com.st.stm32cube.ide.mcu.externaltools.gnu-tools-for-stm32.11.3.rel1.linux64_1.1.100.202309141235/tools/bin/../lib/gcc/arm-none-eabi/11.3.1/../../../../arm-none-eabi/lib/thumb/v6-m/nofp/libc_nano.a(libc_a-reent.o)
                              /opt/st/stm32cubeide_1.14.0/plugins/com.st.stm32cube.ide.mcu.externaltools.gnu-tools-for-stm32.11.3.rel1.linux64_1.1.100.202309141235/tools/bin/../lib/gcc/arm-none-eabi/11.3.1/../../../../arm-none-eabi/lib/thumb/v6-m/nofp/libc_nano.a(libc_a-closer.o) (errno)
/opt/st/stm32cubeide_1.14.0/plugins/com.st.stm32cube.ide.mcu.externaltools.gnu-tools-for-stm32.11.3.rel1.linux64_1.1.100.202309141235/tools/bin/../lib/gcc/arm-none-eabi/11.3.1/../../../../arm-none-eabi/lib/thumb/v6-m/nofp/libc_nano.a(libc_a-impure.o)
                              /opt/st/stm32cubeide_1.14.0/plugins/com.st.stm32cube.ide.mcu.externaltools.gnu-tools-for-stm32.11.3.rel1.linux64_1.1.100.202309141235/tools/bin/../lib/gcc/arm-none-eabi/11.3.1/../../../../arm-none-eabi/lib/thumb/v6-m/nofp/libc_nano.a(libc_a-snprintf.o) (_impure_ptr)
/opt/st/stm32cubeide_1.14.0/plugins/com.st.stm32cube.ide.mcu.externaltools.gnu-tools-for-stm32.11.3.rel1.linux64_1.1.100.202309141235/tools/bin/../lib/gcc/arm-none-eabi/11.3.1/../../../../arm-none-eabi/lib/thumb/v6-m/nofp/libc_nano.a(libc_a-lseekr.o)
[...]
Memory Configuration

Name             Origin             Length             Attributes
RAM              0x0000000020000000 0x0000000000000800 xrw
FLASH            0x0000000008000000 0x0000000000004000 xr
*default*        0x0000000000000000 0xffffffffffffffff

Linker script and memory map

LOAD /opt/st/stm32cubeide_1.14.0/plugins/com.st.stm32cube.ide.mcu.externaltools.gnu-tools-for-stm32.11.3.rel1.linux64_1.1.100.202309141235/tools/bin/../lib/gcc/arm-none-eabi/11.3.1/thumb/v6-m/nofp/crti.o
LOAD /opt/st/stm32cubeide_1.14.0/plugins/com.st.stm32cube.ide.mcu.externaltools.gnu-tools-for-stm32.11.3.rel1.linux64_1.1.100.202309141235/tools/bin/../lib/gcc/arm-none-eabi/11.3.1/thumb/v6-m/nofp/crtbegin.o
LOAD /opt/st/stm32cubeide_1.14.0/plugins/com.st.stm32cube.ide.mcu.externaltools.gnu-tools-for-stm32.11.3.rel1.linux64_1.1.100.202309141235/tools/bin/../lib/gcc/arm-none-eabi/11.3.1/../../../../arm-none-eabi/lib/thumb/v6-m/nofp/crt0.o
LOAD ./Core/Src/AnalogIn.o
LOAD ./Core/Src/AnalogOut.o
LOAD ./Core/Src/RCfilter.o
LOAD ./Core/Src/Serial.o
LOAD ./Core/Src/Shell.o
LOAD ./Core/Src/Timebase.o
LOAD ./Core/Src/adc.o
LOAD ./Core/Src/gpio.o
LOAD ./Core/Src/led.o
LOAD ./Core/Src/main.o
LOAD ./Core/Src/spi.o
LOAD ./Core/Src/stm32l0xx_hal_msp.o
LOAD ./Core/Src/stm32l0xx_it.o
LOAD ./Core/Src/syscalls.o
LOAD ./Core/Src/sysmem.o
LOAD ./Core/Src/system_stm32l0xx.o
LOAD ./Core/Src/tim.o
LOAD ./Core/Src/usart.o
LOAD ./Core/Startup/startup_stm32l021k4tx.o
LOAD ./Drivers/STM32L0xx_HAL_Driver/Src/stm32l0xx_hal.o
LOAD ./Drivers/STM32L0xx_HAL_Driver/Src/stm32l0xx_hal_cortex.o
LOAD ./Drivers/STM32L0xx_HAL_Driver/Src/stm32l0xx_hal_dma.o
LOAD ./Drivers/STM32L0xx_HAL_Driver/Src/stm32l0xx_hal_exti.o
LOAD ./Drivers/STM32L0xx_HAL_Driver/Src/stm32l0xx_hal_flash.o
LOAD ./Drivers/STM32L0xx_HAL_Driver/Src/stm32l0xx_hal_flash_ex.o
LOAD ./Drivers/STM32L0xx_HAL_Driver/Src/stm32l0xx_hal_flash_ramfunc.o
LOAD ./Drivers/STM32L0xx_HAL_Driver/Src/stm32l0xx_hal_gpio.o
LOAD ./Drivers/STM32L0xx_HAL_Driver/Src/stm32l0xx_hal_i2c.o
LOAD ./Drivers/STM32L0xx_HAL_Driver/Src/stm32l0xx_hal_i2c_ex.o
LOAD ./Drivers/STM32L0xx_HAL_Driver/Src/stm32l0xx_hal_pwr.o
LOAD ./Drivers/STM32L0xx_HAL_Driver/Src/stm32l0xx_hal_pwr_ex.o
LOAD ./Drivers/STM32L0xx_HAL_Driver/Src/stm32l0xx_hal_rcc.o
LOAD ./Drivers/STM32L0xx_HAL_Driver/Src/stm32l0xx_hal_rcc_ex.o
LOAD ./Drivers/STM32L0xx_HAL_Driver/Src/stm32l0xx_hal_spi.o
LOAD ./Drivers/STM32L0xx_HAL_Driver/Src/stm32l0xx_hal_tim.o
LOAD ./Drivers/STM32L0xx_HAL_Driver/Src/stm32l0xx_hal_tim_ex.o
LOAD ./Drivers/STM32L0xx_HAL_Driver/Src/stm32l0xx_ll_adc.o
LOAD ./Drivers/STM32L0xx_HAL_Driver/Src/stm32l0xx_ll_dma.o
LOAD ./Drivers/STM32L0xx_HAL_Driver/Src/stm32l0xx_ll_exti.o
LOAD ./Drivers/STM32L0xx_HAL_Driver/Src/stm32l0xx_ll_gpio.o
LOAD ./Drivers/STM32L0xx_HAL_Driver/Src/stm32l0xx_ll_rcc.o
LOAD ./Drivers/STM32L0xx_HAL_Driver/Src/stm32l0xx_ll_tim.o
LOAD ./Drivers/STM32L0xx_HAL_Driver/Src/stm32l0xx_ll_usart.o
LOAD ./Drivers/STM32L0xx_HAL_Driver/Src/stm32l0xx_ll_utils.o
START GROUP
LOAD /opt/st/stm32cubeide_1.14.0/plugins/com.st.stm32cube.ide.mcu.externaltools.gnu-tools-for-stm32.11.3.rel1.linux64_1.1.100.202309141235/tools/bin/../lib/gcc/arm-none-eabi/11.3.1/../../../../arm-none-eabi/lib/thumb/v6-m/nofp/libc_nano.a
LOAD /opt/st/stm32cubeide_1.14.0/plugins/com.st.stm32cube.ide.mcu.externaltools.gnu-tools-for-stm32.11.3.rel1.linux64_1.1.100.202309141235/tools/bin/../lib/gcc/arm-none-eabi/11.3.1/../../../../arm-none-eabi/lib/thumb/v6-m/nofp/libm.a
END GROUP
START GROUP
LOAD /opt/st/stm32cubeide_1.14.0/plugins/com.st.stm32cube.ide.mcu.externaltools.gnu-tools-for-stm32.11.3.rel1.linux64_1.1.100.202309141235/tools/bin/../lib/gcc/arm-none-eabi/11.3.1/thumb/v6-m/nofp/libgcc.a
LOAD /opt/st/stm32cubeide_1.14.0/plugins/com.st.stm32cube.ide.mcu.externaltools.gnu-tools-for-stm32.11.3.rel1.linux64_1.1.100.202309141235/tools/bin/../lib/gcc/arm-none-eabi/11.3.1/../../../../arm-none-eabi/lib/thumb/v6-m/nofp/libc_nano.a
END GROUP
START GROUP
LOAD /opt/st/stm32cubeide_1.14.0/plugins/com.st.stm32cube.ide.mcu.externaltools.gnu-tools-for-stm32.11.3.rel1.linux64_1.1.100.202309141235/tools/bin/../lib/gcc/arm-none-eabi/11.3.1/thumb/v6-m/nofp/libgcc.a
LOAD /opt/st/stm32cubeide_1.14.0/plugins/com.st.stm32cube.ide.mcu.externaltools.gnu-tools-for-stm32.11.3.rel1.linux64_1.1.100.202309141235/tools/bin/../lib/gcc/arm-none-eabi/11.3.1/../../../../arm-none-eabi/lib/thumb/v6-m/nofp/libc_nano.a
LOAD /opt/st/stm32cubeide_1.14.0/plugins/com.st.stm32cube.ide.mcu.externaltools.gnu-tools-for-stm32.11.3.rel1.linux64_1.1.100.202309141235/tools/bin/../lib/gcc/arm-none-eabi/11.3.1/../../../../arm-none-eabi/lib/thumb/v6-m/nofp/libnosys.a
END GROUP
START GROUP
LOAD /opt/st/stm32cubeide_1.14.0/plugins/com.st.stm32cube.ide.mcu.externaltools.gnu-tools-for-stm32.11.3.rel1.linux64_1.1.100.202309141235/tools/bin/../lib/gcc/arm-none-eabi/11.3.1/thumb/v6-m/nofp/libgcc.a
LOAD /opt/st/stm32cubeide_1.14.0/plugins/com.st.stm32cube.ide.mcu.externaltools.gnu-tools-for-stm32.11.3.rel1.linux64_1.1.100.202309141235/tools/bin/../lib/gcc/arm-none-eabi/11.3.1/../../../../arm-none-eabi/lib/thumb/v6-m/nofp/libc_nano.a
LOAD /opt/st/stm32cubeide_1.14.0/plugins/com.st.stm32cube.ide.mcu.externaltools.gnu-tools-for-stm32.11.3.rel1.linux64_1.1.100.202309141235/tools/bin/../lib/gcc/arm-none-eabi/11.3.1/../../../../arm-none-eabi/lib/thumb/v6-m/nofp/libnosys.a
END GROUP
LOAD /opt/st/stm32cubeide_1.14.0/plugins/com.st.stm32cube.ide.mcu.externaltools.gnu-tools-for-stm32.11.3.rel1.linux64_1.1.100.202309141235/tools/bin/../lib/gcc/arm-none-eabi/11.3.1/thumb/v6-m/nofp/crtend.o
LOAD /opt/st/stm32cubeide_1.14.0/plugins/com.st.stm32cube.ide.mcu.externaltools.gnu-tools-for-stm32.11.3.rel1.linux64_1.1.100.202309141235/tools/bin/../lib/gcc/arm-none-eabi/11.3.1/thumb/v6-m/nofp/crtn.o
                0x0000000020000800                _estack = (ORIGIN (RAM) + LENGTH (RAM))
                0x0000000000000000                _Min_Heap_Size = 0x0
                0x0000000000000350                _Min_Stack_Size = 0x350

.isr_vector     0x0000000008000000       0xc0
                0x0000000008000000                . = ALIGN (0x4)
 *(.isr_vector)
 .isr_vector    0x0000000008000000       0xc0 ./Core/Startup/startup_stm32l021k4tx.o
                0x0000000008000000                g_pfnVectors
                0x00000000080000c0                . = ALIGN (0x4)

.text           0x00000000080000c0     0x30c4
                0x00000000080000c0                . = ALIGN (0x4)
 *(.text)
 .text          0x00000000080000c0       0x48 /opt/st/stm32cubeide_1.14.0/plugins/com.st.stm32cube.ide.mcu.externaltools.gnu-tools-for-stm32.11.3.rel1.linux64_1.1.100.202309141235/tools/bin/../lib/gcc/arm-none-eabi/11.3.1/thumb/v6-m/nofp/crtbegin.o
 .text          0x0000000008000108       0x14 /opt/st/stm32cubeide_1.14.0/plugins/com.st.stm32cube.ide.mcu.externaltools.gnu-tools-for-stm32.11.3.rel1.linux64_1.1.100.202309141235/tools/bin/../lib/gcc/arm-none-eabi/11.3.1/thumb/v6-m/nofp/libgcc.a(_thumb1_case_shi.o)
                0x0000000008000108                __gnu_thumb1_case_shi
 .text          0x000000000800011c      0x114 /opt/st/stm32cubeide_1.14.0/plugins/com.st.stm32cube.ide.mcu.externaltools.gnu-tools-for-stm32.11.3.rel1.linux64_1.1.100.202309141235/tools/bin/../lib/gcc/arm-none-eabi/11.3.1/thumb/v6-m/nofp/libgcc.a(_udivsi3.o)
                0x000000000800011c                __udivsi3
                0x000000000800011c                __aeabi_uidiv
                0x0000000008000228                __aeabi_uidivmod
 .text          0x0000000008000230        0x4 /opt/st/stm32cubeide_1.14.0/plugins/com.st.stm32cube.ide.mcu.externaltools.gnu-tools-for-stm32.11.3.rel1.linux64_1.1.100.202309141235/tools/bin/../lib/gcc/arm-none-eabi/11.3.1/thumb/v6-m/nofp/libgcc.a(_dvmd_tls.o)
                0x0000000008000230                __aeabi_ldiv0
                0x0000000008000230                __aeabi_idiv0
 *(.text*)
 .text.LL_USART_IsActiveFlag_TXE
                0x0000000008000234       0x22 ./Core/Src/Serial.o
 .text.LL_USART_TransmitData8
                0x0000000008000256       0x1e ./Core/Src/Serial.o
 .text.SerialTransmit
                0x0000000008000274       0x68 ./Core/Src/Serial.o
                0x0000000008000274                SerialTransmit
 .text.shHelp   0x00000000080002dc       0xc0 ./Core/Src/Shell.o
                0x00000000080002dc                shHelp
 .text.isChar   0x000000000800039c       0x5a ./Core/Src/Shell.o
                0x000000000800039c                isChar
 *fill*         0x00000000080003f6        0x2 
 .text.ShellInit
                0x00000000080003f8       0xa4 ./Core/Src/Shell.o
                0x00000000080003f8                ShellInit
 .text.ShellAdd
                0x000000000800049c       0x94 ./Core/Src/Shell.o
                0x000000000800049c                ShellAdd
 .text.LL_TIM_EnableCounter
                0x0000000008000530       0x1c ./Core/Src/Timebase.o
 .text.LL_TIM_EnableUpdateEvent
                0x000000000800054c       0x1e ./Core/Src/Timebase.o
 .text.LL_TIM_EnableIT_UPDATE
                0x000000000800056a       0x1c ./Core/Src/Timebase.o
 *fill*         0x0000000008000586        0x2 
 .text.TimeBaseStartIT
                0x0000000008000588       0x28 ./Core/Src/Timebase.o
                0x0000000008000588                TimeBaseStartIT
 .text.LL_ADC_SetCommonFrequencyMode
                0x00000000080005b0       0x28 ./Core/Src/adc.o
 .text.LL_ADC_SetSamplingTimeCommonChannels
                0x00000000080005d8       0x24 ./Core/Src/adc.o
 .text.LL_ADC_REG_SetSequencerScanDirection
                0x00000000080005fc       0x24 ./Core/Src/adc.o
 .text.LL_ADC_REG_SetSequencerChAdd
                0x0000000008000620       0x22 ./Core/Src/adc.o
 .text.LL_ADC_SetOverSamplingScope
                0x0000000008000642       0x24 ./Core/Src/adc.o
 *fill*         0x0000000008000666        0x2 
 .text.LL_ADC_EnableInternalRegulator
                0x0000000008000668       0x28 ./Core/Src/adc.o
 .text.LL_ADC_DisableIT_EOC
                0x0000000008000690       0x1e ./Core/Src/adc.o
 .text.LL_ADC_DisableIT_EOS
                0x00000000080006ae       0x1e ./Core/Src/adc.o
 .text.LL_APB2_GRP1_EnableClock
                0x00000000080006cc       0x2c ./Core/Src/adc.o
 .text.LL_IOP_GRP1_EnableClock
                0x00000000080006f8       0x2c ./Core/Src/adc.o
 .text.MX_ADC_Init
                0x0000000008000724      0x154 ./Core/Src/adc.o
                0x0000000008000724                MX_ADC_Init
 .text.LL_IOP_GRP1_EnableClock
                0x0000000008000878       0x2c ./Core/Src/gpio.o
 .text.MX_GPIO_Init
                0x00000000080008a4       0x62 ./Core/Src/gpio.o
                0x00000000080008a4                MX_GPIO_Init
 .text.LL_TIM_EnableCounter
                0x0000000008000906       0x1c ./Core/Src/led.o
 .text.LL_TIM_CC_EnableChannel
                0x0000000008000922       0x1e ./Core/Src/led.o
 .text.LL_TIM_OC_SetCompareCH1
                0x0000000008000940       0x18 ./Core/Src/led.o
 .text.LedStart
                0x0000000008000958       0x20 ./Core/Src/led.o
                0x0000000008000958                LedStart
 .text.LedSetValue
                0x0000000008000978       0x24 ./Core/Src/led.o
                0x0000000008000978                LedSetValue
 .text.LedPulse
                0x000000000800099c       0x58 ./Core/Src/led.o
                0x000000000800099c                LedPulse
 .text.LL_RCC_HSI_Enable
                0x00000000080009f4       0x1c ./Core/Src/main.o
 .text.LL_RCC_HSI_IsReady
                0x0000000008000a10       0x20 ./Core/Src/main.o
 .text.LL_RCC_HSI_SetCalibTrimming
                0x0000000008000a30       0x2c ./Core/Src/main.o
 .text.LL_RCC_SetSysClkSource
                0x0000000008000a5c       0x28 ./Core/Src/main.o
 .text.LL_RCC_GetSysClkSource
                0x0000000008000a84       0x18 ./Core/Src/main.o
 .text.LL_RCC_SetAHBPrescaler
                0x0000000008000a9c       0x28 ./Core/Src/main.o
 .text.LL_RCC_SetAPB1Prescaler
                0x0000000008000ac4       0x2c ./Core/Src/main.o
 .text.LL_RCC_SetAPB2Prescaler
                0x0000000008000af0       0x2c ./Core/Src/main.o
 .text.LL_RCC_SetUSARTClockSource
                0x0000000008000b1c       0x30 ./Core/Src/main.o
 .text.LL_FLASH_SetLatency
                0x0000000008000b4c       0x28 ./Core/Src/main.o
 .text.LL_FLASH_GetLatency
                0x0000000008000b74       0x18 ./Core/Src/main.o
 .text.LL_PWR_SetRegulVoltageScaling
                0x0000000008000b8c       0x2c ./Core/Src/main.o
 .text.LL_PWR_IsActiveFlag_VOS
                0x0000000008000bb8       0x20 ./Core/Src/main.o
 .text.LL_USART_EnableIT_RXNE
                0x0000000008000bd8       0x3e ./Core/Src/main.o
 *fill*         0x0000000008000c16        0x2 
 .text.main     0x0000000008000c18       0x50 ./Core/Src/main.o
                0x0000000008000c18                main
 .text.SystemClock_Config
                0x0000000008000c68       0x8c ./Core/Src/main.o
                0x0000000008000c68                SystemClock_Config
 .text.Error_Handler
                0x0000000008000cf4        0xa ./Core/Src/main.o
                0x0000000008000cf4                Error_Handler
 *fill*         0x0000000008000cfe        0x2 
 .text.MX_SPI1_Init
                0x0000000008000d00       0x70 ./Core/Src/spi.o
                0x0000000008000d00                MX_SPI1_Init
 .text.HAL_SPI_MspInit
                0x0000000008000d70       0x88 ./Core/Src/spi.o
                0x0000000008000d70                HAL_SPI_MspInit
 .text.HAL_MspInit
                0x0000000008000df8       0x28 ./Core/Src/stm32l0xx_hal_msp.o
                0x0000000008000df8                HAL_MspInit
 .text.LL_TIM_ClearFlag_UPDATE
                0x0000000008000e20       0x18 ./Core/Src/stm32l0xx_it.o
 .text.NMI_Handler
                0x0000000008000e38        0x6 ./Core/Src/stm32l0xx_it.o
                0x0000000008000e38                NMI_Handler
 .text.HardFault_Handler
                0x0000000008000e3e        0x6 ./Core/Src/stm32l0xx_it.o
                0x0000000008000e3e                HardFault_Handler
 .text.SVC_Handler
                0x0000000008000e44        0xa ./Core/Src/stm32l0xx_it.o
                0x0000000008000e44                SVC_Handler
 .text.PendSV_Handler
                0x0000000008000e4e        0xa ./Core/Src/stm32l0xx_it.o
                0x0000000008000e4e                PendSV_Handler
 .text.SysTick_Handler
                0x0000000008000e58        0xe ./Core/Src/stm32l0xx_it.o
                0x0000000008000e58                SysTick_Handler
 *fill*         0x0000000008000e66        0x2 
 .text.TIM21_IRQHandler
                0x0000000008000e68       0x1c ./Core/Src/stm32l0xx_it.o
                0x0000000008000e68                TIM21_IRQHandler
 .text._sbrk    0x0000000008000e84       0x6c ./Core/Src/sysmem.o
                0x0000000008000e84                _sbrk
 .text.SystemInit
                0x0000000008000ef0        0xa ./Core/Src/system_stm32l0xx.o
                0x0000000008000ef0                SystemInit
 *fill*         0x0000000008000efa        0x2 
 .text.__NVIC_EnableIRQ
                0x0000000008000efc       0x34 ./Core/Src/tim.o
 .text.__NVIC_SetPriority
                0x0000000008000f30       0xdc ./Core/Src/tim.o
 .text.LL_APB1_GRP1_EnableClock
                0x000000000800100c       0x2c ./Core/Src/tim.o
 .text.LL_APB2_GRP1_EnableClock
                0x0000000008001038       0x2c ./Core/Src/tim.o
 .text.LL_IOP_GRP1_EnableClock
                0x0000000008001064       0x2c ./Core/Src/tim.o
 .text.LL_TIM_DisableARRPreload
                0x0000000008001090       0x1e ./Core/Src/tim.o
 *fill*         0x00000000080010ae        0x2 
 .text.LL_TIM_OC_DisableFast
                0x00000000080010b0       0x70 ./Core/Src/tim.o
 .text.LL_TIM_OC_EnablePreload
                0x0000000008001120       0x70 ./Core/Src/tim.o
 .text.LL_TIM_SetClockSource
                0x0000000008001190       0x28 ./Core/Src/tim.o
 .text.LL_TIM_SetTriggerOutput
                0x00000000080011b8       0x24 ./Core/Src/tim.o
 .text.LL_TIM_DisableMasterSlaveMode
                0x00000000080011dc       0x1e ./Core/Src/tim.o
 .text.MX_TIM2_Init
                0x00000000080011fa      0x10e ./Core/Src/tim.o
                0x00000000080011fa                MX_TIM2_Init
 .text.MX_TIM21_Init
                0x0000000008001308       0x7c ./Core/Src/tim.o
                0x0000000008001308                MX_TIM21_Init
 .text.LL_APB1_GRP1_EnableClock
                0x0000000008001384       0x2c ./Core/Src/usart.o
 .text.LL_IOP_GRP1_EnableClock
                0x00000000080013b0       0x2c ./Core/Src/usart.o
 .text.LL_USART_Enable
                0x00000000080013dc       0x1c ./Core/Src/usart.o
 .text.LL_USART_ConfigAsyncMode
                0x00000000080013f8       0x30 ./Core/Src/usart.o
 .text.MX_USART2_UART_Init
                0x0000000008001428       0xf0 ./Core/Src/usart.o
                0x0000000008001428                MX_USART2_UART_Init
 .text.Reset_Handler
                0x0000000008001518       0x80 ./Core/Startup/startup_stm32l021k4tx.o
                0x0000000008001518                Reset_Handler
 .text.Default_Handler
                0x0000000008001598        0x2 ./Core/Startup/startup_stm32l021k4tx.o
                0x0000000008001598                ADC1_COMP_IRQHandler
                0x0000000008001598                PVD_IRQHandler
                0x0000000008001598                I2C1_IRQHandler
                0x0000000008001598                SPI1_IRQHandler
                0x0000000008001598                EXTI2_3_IRQHandler
                0x0000000008001598                AES_LPUART1_IRQHandler
                0x0000000008001598                RTC_IRQHandler
                0x0000000008001598                EXTI4_15_IRQHandler
                0x0000000008001598                RCC_IRQHandler
                0x0000000008001598                DMA1_Channel1_IRQHandler
                0x0000000008001598                Default_Handler
                0x0000000008001598                DMA1_Channel4_5_IRQHandler
                0x0000000008001598                EXTI0_1_IRQHandler
                0x0000000008001598                WWDG_IRQHandler
                0x0000000008001598                TIM2_IRQHandler
                0x0000000008001598                DMA1_Channel2_3_IRQHandler
                0x0000000008001598                USART2_IRQHandler
                0x0000000008001598                FLASH_IRQHandler
                0x0000000008001598                LPTIM1_IRQHandler
 *fill*         0x000000000800159a        0x2 
 .text.HAL_Init
                0x000000000800159c       0x40 ./Drivers/STM32L0xx_HAL_Driver/Src/stm32l0xx_hal.o
                0x000000000800159c                HAL_Init
 .text.HAL_InitTick
                0x00000000080015dc       0x68 ./Drivers/STM32L0xx_HAL_Driver/Src/stm32l0xx_hal.o
                0x00000000080015dc                HAL_InitTick
 .text.HAL_IncTick
                0x0000000008001644       0x24 ./Drivers/STM32L0xx_HAL_Driver/Src/stm32l0xx_hal.o
                0x0000000008001644                HAL_IncTick
 .text.__NVIC_SetPriority
                0x0000000008001668       0xdc ./Drivers/STM32L0xx_HAL_Driver/Src/stm32l0xx_hal_cortex.o
 .text.SysTick_Config
                0x0000000008001744       0x48 ./Drivers/STM32L0xx_HAL_Driver/Src/stm32l0xx_hal_cortex.o
 .text.HAL_NVIC_SetPriority
                0x000000000800178c       0x2a ./Drivers/STM32L0xx_HAL_Driver/Src/stm32l0xx_hal_cortex.o
                0x000000000800178c                HAL_NVIC_SetPriority
 .text.HAL_SYSTICK_Config
                0x00000000080017b6       0x1a ./Drivers/STM32L0xx_HAL_Driver/Src/stm32l0xx_hal_cortex.o
                0x00000000080017b6                HAL_SYSTICK_Config
 .text.HAL_GPIO_Init
                0x00000000080017d0      0x2cc ./Drivers/STM32L0xx_HAL_Driver/Src/stm32l0xx_hal_gpio.o
                0x00000000080017d0                HAL_GPIO_Init
 .text.HAL_SPI_Init
                0x0000000008001a9c      0x112 ./Drivers/STM32L0xx_HAL_Driver/Src/stm32l0xx_hal_spi.o
                0x0000000008001a9c                HAL_SPI_Init
 .text.LL_ADC_IsEnabled
                0x0000000008001bae       0x20 ./Drivers/STM32L0xx_HAL_Driver/Src/stm32l0xx_ll_adc.o
 *fill*         0x0000000008001bce        0x2 
 .text.LL_ADC_Init
                0x0000000008001bd0       0x6c ./Drivers/STM32L0xx_HAL_Driver/Src/stm32l0xx_ll_adc.o
                0x0000000008001bd0                LL_ADC_Init
 .text.LL_ADC_REG_Init
                0x0000000008001c3c       0x64 ./Drivers/STM32L0xx_HAL_Driver/Src/stm32l0xx_ll_adc.o
                0x0000000008001c3c                LL_ADC_REG_Init
 .text.LL_GPIO_SetPinMode
                0x0000000008001ca0       0x38 ./Drivers/STM32L0xx_HAL_Driver/Src/stm32l0xx_ll_gpio.o
 .text.LL_GPIO_SetPinOutputType
                0x0000000008001cd8       0x2a ./Drivers/STM32L0xx_HAL_Driver/Src/stm32l0xx_ll_gpio.o
 .text.LL_GPIO_SetPinSpeed
                0x0000000008001d02       0x38 ./Drivers/STM32L0xx_HAL_Driver/Src/stm32l0xx_ll_gpio.o
 .text.LL_GPIO_SetPinPull
                0x0000000008001d3a       0x38 ./Drivers/STM32L0xx_HAL_Driver/Src/stm32l0xx_ll_gpio.o
 .text.LL_GPIO_SetAFPin_0_7
                0x0000000008001d72       0x46 ./Drivers/STM32L0xx_HAL_Driver/Src/stm32l0xx_ll_gpio.o
 .text.LL_GPIO_SetAFPin_8_15
                0x0000000008001db8       0x5a ./Drivers/STM32L0xx_HAL_Driver/Src/stm32l0xx_ll_gpio.o
 .text.LL_GPIO_Init
                0x0000000008001e12       0xbc ./Drivers/STM32L0xx_HAL_Driver/Src/stm32l0xx_ll_gpio.o
                0x0000000008001e12                LL_GPIO_Init
 *fill*         0x0000000008001ece        0x2 
 .text.LL_RCC_HSI_IsReady
                0x0000000008001ed0       0x20 ./Drivers/STM32L0xx_HAL_Driver/Src/stm32l0xx_ll_rcc.o
 .text.LL_RCC_LSE_IsReady
                0x0000000008001ef0       0x28 ./Drivers/STM32L0xx_HAL_Driver/Src/stm32l0xx_ll_rcc.o
 .text.LL_RCC_MSI_GetRange
                0x0000000008001f18       0x18 ./Drivers/STM32L0xx_HAL_Driver/Src/stm32l0xx_ll_rcc.o
 .text.LL_RCC_GetSysClkSource
                0x0000000008001f30       0x18 ./Drivers/STM32L0xx_HAL_Driver/Src/stm32l0xx_ll_rcc.o
 .text.LL_RCC_GetAHBPrescaler
                0x0000000008001f48       0x18 ./Drivers/STM32L0xx_HAL_Driver/Src/stm32l0xx_ll_rcc.o
 .text.LL_RCC_GetAPB1Prescaler
                0x0000000008001f60       0x18 ./Drivers/STM32L0xx_HAL_Driver/Src/stm32l0xx_ll_rcc.o
 .text.LL_RCC_GetUSARTClockSource
                0x0000000008001f78       0x24 ./Drivers/STM32L0xx_HAL_Driver/Src/stm32l0xx_ll_rcc.o
 .text.LL_RCC_PLL_GetMainSource
                0x0000000008001f9c       0x18 ./Drivers/STM32L0xx_HAL_Driver/Src/stm32l0xx_ll_rcc.o
 .text.LL_RCC_PLL_GetMultiplicator
                0x0000000008001fb4       0x18 ./Drivers/STM32L0xx_HAL_Driver/Src/stm32l0xx_ll_rcc.o
 .text.LL_RCC_PLL_GetDivider
                0x0000000008001fcc       0x18 ./Drivers/STM32L0xx_HAL_Driver/Src/stm32l0xx_ll_rcc.o
 .text.LL_RCC_IsActiveFlag_HSIDIV
                0x0000000008001fe4       0x20 ./Drivers/STM32L0xx_HAL_Driver/Src/stm32l0xx_ll_rcc.o
 .text.LL_RCC_GetUSARTClockFreq
                0x0000000008002004       0xac ./Drivers/STM32L0xx_HAL_Driver/Src/stm32l0xx_ll_rcc.o
                0x0000000008002004                LL_RCC_GetUSARTClockFreq
 .text.RCC_GetSystemClockFreq
                0x00000000080020b0       0x88 ./Drivers/STM32L0xx_HAL_Driver/Src/stm32l0xx_ll_rcc.o
 .text.RCC_GetHCLKClockFreq
                0x0000000008002138       0x2c ./Drivers/STM32L0xx_HAL_Driver/Src/stm32l0xx_ll_rcc.o
 .text.RCC_GetPCLK1ClockFreq
                0x0000000008002164       0x28 ./Drivers/STM32L0xx_HAL_Driver/Src/stm32l0xx_ll_rcc.o
 .text.RCC_PLL_GetFreqDomain_SYS
                0x000000000800218c       0x70 ./Drivers/STM32L0xx_HAL_Driver/Src/stm32l0xx_ll_rcc.o
 .text.LL_TIM_SetPrescaler
                0x00000000080021fc       0x18 ./Drivers/STM32L0xx_HAL_Driver/Src/stm32l0xx_ll_tim.o
 .text.LL_TIM_SetAutoReload
                0x0000000008002214       0x18 ./Drivers/STM32L0xx_HAL_Driver/Src/stm32l0xx_ll_tim.o
 .text.LL_TIM_OC_SetCompareCH1
                0x000000000800222c       0x18 ./Drivers/STM32L0xx_HAL_Driver/Src/stm32l0xx_ll_tim.o
 .text.LL_TIM_OC_SetCompareCH2
                0x0000000008002244       0x18 ./Drivers/STM32L0xx_HAL_Driver/Src/stm32l0xx_ll_tim.o
 .text.LL_TIM_OC_SetCompareCH3
                0x000000000800225c       0x18 ./Drivers/STM32L0xx_HAL_Driver/Src/stm32l0xx_ll_tim.o
 .text.LL_TIM_OC_SetCompareCH4
                0x0000000008002274       0x18 ./Drivers/STM32L0xx_HAL_Driver/Src/stm32l0xx_ll_tim.o
 .text.LL_TIM_GenerateEvent_UPDATE
                0x000000000800228c       0x1c ./Drivers/STM32L0xx_HAL_Driver/Src/stm32l0xx_ll_tim.o
 .text.LL_TIM_Init
                0x00000000080022a8       0x90 ./Drivers/STM32L0xx_HAL_Driver/Src/stm32l0xx_ll_tim.o
                0x00000000080022a8                LL_TIM_Init
 .text.LL_TIM_OC_Init
                0x0000000008002338       0xb2 ./Drivers/STM32L0xx_HAL_Driver/Src/stm32l0xx_ll_tim.o
                0x0000000008002338                LL_TIM_OC_Init
 .text.OC1Config
                0x00000000080023ea       0x8c ./Drivers/STM32L0xx_HAL_Driver/Src/stm32l0xx_ll_tim.o
 *fill*         0x0000000008002476        0x2 
 .text.OC2Config
                0x0000000008002478       0x98 ./Drivers/STM32L0xx_HAL_Driver/Src/stm32l0xx_ll_tim.o
 .text.OC3Config
                0x0000000008002510       0x94 ./Drivers/STM32L0xx_HAL_Driver/Src/stm32l0xx_ll_tim.o
 .text.OC4Config
                0x00000000080025a4       0x9c ./Drivers/STM32L0xx_HAL_Driver/Src/stm32l0xx_ll_tim.o
 .text.LL_USART_IsEnabled
                0x0000000008002640       0x22 ./Drivers/STM32L0xx_HAL_Driver/Src/stm32l0xx_ll_usart.o
 *fill*         0x0000000008002662        0x2 
 .text.LL_USART_SetStopBitsLength
                0x0000000008002664       0x28 ./Drivers/STM32L0xx_HAL_Driver/Src/stm32l0xx_ll_usart.o
 .text.LL_USART_SetHWFlowCtrl
                0x000000000800268c       0x28 ./Drivers/STM32L0xx_HAL_Driver/Src/stm32l0xx_ll_usart.o
 .text.LL_USART_SetBaudRate
                0x00000000080026b4       0x78 ./Drivers/STM32L0xx_HAL_Driver/Src/stm32l0xx_ll_usart.o
 .text.LL_USART_Init
                0x000000000800272c       0xb0 ./Drivers/STM32L0xx_HAL_Driver/Src/stm32l0xx_ll_usart.o
                0x000000000800272c                LL_USART_Init
 .text.LL_SetSystemCoreClock
                0x00000000080027dc       0x1c ./Drivers/STM32L0xx_HAL_Driver/Src/stm32l0xx_ll_utils.o
                0x00000000080027dc                LL_SetSystemCoreClock
 .text.snprintf
                0x00000000080027f8       0x68 /opt/st/stm32cubeide_1.14.0/plugins/com.st.stm32cube.ide.mcu.externaltools.gnu-tools-for-stm32.11.3.rel1.linux64_1.1.100.202309141235/tools/bin/../lib/gcc/arm-none-eabi/11.3.1/../../../../arm-none-eabi/lib/thumb/v6-m/nofp/libc_nano.a(libc_a-snprintf.o)
                0x00000000080027f8                snprintf
                0x00000000080027f8                sniprintf
 .text.memset   0x0000000008002860       0x10 /opt/st/stm32cubeide_1.14.0/plugins/com.st.stm32cube.ide.mcu.externaltools.gnu-tools-for-stm32.11.3.rel1.linux64_1.1.100.202309141235/tools/bin/../lib/gcc/arm-none-eabi/11.3.1/../../../../arm-none-eabi/lib/thumb/v6-m/nofp/libc_nano.a(libc_a-memset.o)
                0x0000000008002860                memset
 .text.__errno  0x0000000008002870        0xc /opt/st/stm32cubeide_1.14.0/plugins/com.st.stm32cube.ide.mcu.externaltools.gnu-tools-for-stm32.11.3.rel1.linux64_1.1.100.202309141235/tools/bin/../lib/gcc/arm-none-eabi/11.3.1/../../../../arm-none-eabi/lib/thumb/v6-m/nofp/libc_nano.a(libc_a-errno.o)
                0x0000000008002870                __errno
 .text.__libc_init_array
                0x000000000800287c       0x48 /opt/st/stm32cubeide_1.14.0/plugins/com.st.stm32cube.ide.mcu.externaltools.gnu-tools-for-stm32.11.3.rel1.linux64_1.1.100.202309141235/tools/bin/../lib/gcc/arm-none-eabi/11.3.1/../../../../arm-none-eabi/lib/thumb/v6-m/nofp/libc_nano.a(libc_a-init.o)
                0x000000000800287c                __libc_init_array
 .text.__retarget_lock_acquire_recursive
                0x00000000080028c4        0x2 /opt/st/stm32cubeide_1.14.0/plugins/com.st.stm32cube.ide.mcu.externaltools.gnu-tools-for-stm32.11.3.rel1.linux64_1.1.100.202309141235/tools/bin/../lib/gcc/arm-none-eabi/11.3.1/../../../../arm-none-eabi/lib/thumb/v6-m/nofp/libc_nano.a(libc_a-lock.o)
                0x00000000080028c4                __retarget_lock_acquire_recursive
 .text.__retarget_lock_release_recursive
                0x00000000080028c6        0x2 /opt/st/stm32cubeide_1.14.0/plugins/com.st.stm32cube.ide.mcu.externaltools.gnu-tools-for-stm32.11.3.rel1.linux64_1.1.100.202309141235/tools/bin/../lib/gcc/arm-none-eabi/11.3.1/../../../../arm-none-eabi/lib/thumb/v6-m/nofp/libc_nano.a(libc_a-lock.o)
                0x00000000080028c6                __retarget_lock_release_recursive
 .text._free_r  0x00000000080028c8       0x94 /opt/st/stm32cubeide_1.14.0/plugins/com.st.stm32cube.ide.mcu.externaltools.gnu-tools-for-stm32.11.3.rel1.linux64_1.1.100.202309141235/tools/bin/../lib/gcc/arm-none-eabi/11.3.1/../../../../arm-none-eabi/lib/thumb/v6-m/nofp/libc_nano.a(libc_a-freer.o)
                0x00000000080028c8                _free_r
 .text.sbrk_aligned
                0x000000000800295c       0x44 /opt/st/stm32cubeide_1.14.0/plugins/com.st.stm32cube.ide.mcu.externaltools.gnu-tools-for-stm32.11.3.rel1.linux64_1.1.100.202309141235/tools/bin/../lib/gcc/arm-none-eabi/11.3.1/../../../../arm-none-eabi/lib/thumb/v6-m/nofp/libc_nano.a(libc_a-mallocr.o)
 .text._malloc_r
                0x00000000080029a0      0x104 /opt/st/stm32cubeide_1.14.0/plugins/com.st.stm32cube.ide.mcu.externaltools.gnu-tools-for-stm32.11.3.rel1.linux64_1.1.100.202309141235/tools/bin/../lib/gcc/arm-none-eabi/11.3.1/../../../../arm-none-eabi/lib/thumb/v6-m/nofp/libc_nano.a(libc_a-mallocr.o)
                0x00000000080029a0                _malloc_r
 .text.__malloc_lock
                0x0000000008002aa4       0x10 /opt/st/stm32cubeide_1.14.0/plugins/com.st.stm32cube.ide.mcu.externaltools.gnu-tools-for-stm32.11.3.rel1.linux64_1.1.100.202309141235/tools/bin/../lib/gcc/arm-none-eabi/11.3.1/../../../../arm-none-eabi/lib/thumb/v6-m/nofp/libc_nano.a(libc_a-mlock.o)
                0x0000000008002aa4                __malloc_lock
 .text.__malloc_unlock
                0x0000000008002ab4       0x10 /opt/st/stm32cubeide_1.14.0/plugins/com.st.stm32cube.ide.mcu.externaltools.gnu-tools-for-stm32.11.3.rel1.linux64_1.1.100.202309141235/tools/bin/../lib/gcc/arm-none-eabi/11.3.1/../../../../arm-none-eabi/lib/thumb/v6-m/nofp/libc_nano.a(libc_a-mlock.o)
                0x0000000008002ab4                __malloc_unlock
 .text.__ssputs_r
                0x0000000008002ac4       0xc4 /opt/st/stm32cubeide_1.14.0/plugins/com.st.stm32cube.ide.mcu.externaltools.gnu-tools-for-stm32.11.3.rel1.linux64_1.1.100.202309141235/tools/bin/../lib/gcc/arm-none-eabi/11.3.1/../../../../arm-none-eabi/lib/thumb/v6-m/nofp/libc_nano.a(libc_a-nano-svfprintf.o)
                0x0000000008002ac4                __ssputs_r
 .text._svfprintf_r
                0x0000000008002b88      0x200 /opt/st/stm32cubeide_1.14.0/plugins/com.st.stm32cube.ide.mcu.externaltools.gnu-tools-for-stm32.11.3.rel1.linux64_1.1.100.202309141235/tools/bin/../lib/gcc/arm-none-eabi/11.3.1/../../../../arm-none-eabi/lib/thumb/v6-m/nofp/libc_nano.a(libc_a-nano-svfprintf.o)
                0x0000000008002b88                _svfprintf_r
                0x0000000008002b88                _svfiprintf_r
 .text._printf_common
                0x0000000008002d88       0xde /opt/st/stm32cubeide_1.14.0/plugins/com.st.stm32cube.ide.mcu.externaltools.gnu-tools-for-stm32.11.3.rel1.linux64_1.1.100.202309141235/tools/bin/../lib/gcc/arm-none-eabi/11.3.1/../../../../arm-none-eabi/lib/thumb/v6-m/nofp/libc_nano.a(libc_a-nano-vfprintf_i.o)
                0x0000000008002d88                _printf_common
 *fill*         0x0000000008002e66        0x2 
 .text._printf_i
                0x0000000008002e68      0x220 /opt/st/stm32cubeide_1.14.0/plugins/com.st.stm32cube.ide.mcu.externaltools.gnu-tools-for-stm32.11.3.rel1.linux64_1.1.100.202309141235/tools/bin/../lib/gcc/arm-none-eabi/11.3.1/../../../../arm-none-eabi/lib/thumb/v6-m/nofp/libc_nano.a(libc_a-nano-vfprintf_i.o)
                0x0000000008002e68                _printf_i
 .text.memmove  0x0000000008003088       0x26 /opt/st/stm32cubeide_1.14.0/plugins/com.st.stm32cube.ide.mcu.externaltools.gnu-tools-for-stm32.11.3.rel1.linux64_1.1.100.202309141235/tools/bin/../lib/gcc/arm-none-eabi/11.3.1/../../../../arm-none-eabi/lib/thumb/v6-m/nofp/libc_nano.a(libc_a-memmove.o)
                0x0000000008003088                memmove
 *fill*         0x00000000080030ae        0x2 
 .text._sbrk_r  0x00000000080030b0       0x24 /opt/st/stm32cubeide_1.14.0/plugins/com.st.stm32cube.ide.mcu.externaltools.gnu-tools-for-stm32.11.3.rel1.linux64_1.1.100.202309141235/tools/bin/../lib/gcc/arm-none-eabi/11.3.1/../../../../arm-none-eabi/lib/thumb/v6-m/nofp/libc_nano.a(libc_a-sbrkr.o)
                0x00000000080030b0                _sbrk_r
 .text.memchr   0x00000000080030d4       0x16 /opt/st/stm32cubeide_1.14.0/plugins/com.st.stm32cube.ide.mcu.externaltools.gnu-tools-for-stm32.11.3.rel1.linux64_1.1.100.202309141235/tools/bin/../lib/gcc/arm-none-eabi/11.3.1/../../../../arm-none-eabi/lib/thumb/v6-m/nofp/libc_nano.a(libc_a-memchr-stub.o)
                0x00000000080030d4                memchr
 .text.memcpy   0x00000000080030ea       0x12 /opt/st/stm32cubeide_1.14.0/plugins/com.st.stm32cube.ide.mcu.externaltools.gnu-tools-for-stm32.11.3.rel1.linux64_1.1.100.202309141235/tools/bin/../lib/gcc/arm-none-eabi/11.3.1/../../../../arm-none-eabi/lib/thumb/v6-m/nofp/libc_nano.a(libc_a-memcpy-stub.o)
                0x00000000080030ea                memcpy
 .text._realloc_r
                0x00000000080030fc       0x5e /opt/st/stm32cubeide_1.14.0/plugins/com.st.stm32cube.ide.mcu.externaltools.gnu-tools-for-stm32.11.3.rel1.linux64_1.1.100.202309141235/tools/bin/../lib/gcc/arm-none-eabi/11.3.1/../../../../arm-none-eabi/lib/thumb/v6-m/nofp/libc_nano.a(libc_a-reallocr.o)
                0x00000000080030fc                _realloc_r
 .text._malloc_usable_size_r
                0x000000000800315a       0x10 /opt/st/stm32cubeide_1.14.0/plugins/com.st.stm32cube.ide.mcu.externaltools.gnu-tools-for-stm32.11.3.rel1.linux64_1.1.100.202309141235/tools/bin/../lib/gcc/arm-none-eabi/11.3.1/../../../../arm-none-eabi/lib/thumb/v6-m/nofp/libc_nano.a(libc_a-msizer.o)
                0x000000000800315a                _malloc_usable_size_r
 *(.glue_7)
 .glue_7        0x000000000800316a        0x0 linker stubs
 *(.glue_7t)
 .glue_7t       0x000000000800316a        0x0 linker stubs
 *(.eh_frame)
 *fill*         0x000000000800316a        0x2 
 .eh_frame      0x000000000800316c        0x0 /opt/st/stm32cubeide_1.14.0/plugins/com.st.stm32cube.ide.mcu.externaltools.gnu-tools-for-stm32.11.3.rel1.linux64_1.1.100.202309141235/tools/bin/../lib/gcc/arm-none-eabi/11.3.1/thumb/v6-m/nofp/crtbegin.o
 *(.init)
 .init          0x000000000800316c        0x4 /opt/st/stm32cubeide_1.14.0/plugins/com.st.stm32cube.ide.mcu.externaltools.gnu-tools-for-stm32.11.3.rel1.linux64_1.1.100.202309141235/tools/bin/../lib/gcc/arm-none-eabi/11.3.1/thumb/v6-m/nofp/crti.o
                0x000000000800316c                _init
 .init          0x0000000008003170        0x8 /opt/st/stm32cubeide_1.14.0/plugins/com.st.stm32cube.ide.mcu.externaltools.gnu-tools-for-stm32.11.3.rel1.linux64_1.1.100.202309141235/tools/bin/../lib/gcc/arm-none-eabi/11.3.1/thumb/v6-m/nofp/crtn.o
 *(.fini)
 .fini          0x0000000008003178        0x4 /opt/st/stm32cubeide_1.14.0/plugins/com.st.stm32cube.ide.mcu.externaltools.gnu-tools-for-stm32.11.3.rel1.linux64_1.1.100.202309141235/tools/bin/../lib/gcc/arm-none-eabi/11.3.1/thumb/v6-m/nofp/crti.o
                0x0000000008003178                _fini
 .fini          0x000000000800317c        0x8 /opt/st/stm32cubeide_1.14.0/plugins/com.st.stm32cube.ide.mcu.externaltools.gnu-tools-for-stm32.11.3.rel1.linux64_1.1.100.202309141235/tools/bin/../lib/gcc/arm-none-eabi/11.3.1/thumb/v6-m/nofp/crtn.o
                0x0000000008003184                . = ALIGN (0x4)
                0x0000000008003184                _etext = .

.vfp11_veneer   0x0000000008003184        0x0
 .vfp11_veneer  0x0000000008003184        0x0 linker stubs

.v4_bx          0x0000000008003184        0x0
 .v4_bx         0x0000000008003184        0x0 linker stubs

.iplt           0x0000000008003184        0x0
 .iplt          0x0000000008003184        0x0 /opt/st/stm32cubeide_1.14.0/plugins/com.st.stm32cube.ide.mcu.externaltools.gnu-tools-for-stm32.11.3.rel1.linux64_1.1.100.202309141235/tools/bin/../lib/gcc/arm-none-eabi/11.3.1/thumb/v6-m/nofp/crtbegin.o

.rodata         0x0000000008003184      0x154
                0x0000000008003184                . = ALIGN (0x4)
 *(.rodata)
 .rodata        0x0000000008003184       0xec ./Core/Src/Shell.o
 *(.rodata*)
 .rodata.AHBPrescTable
                0x0000000008003270       0x10 ./Core/Src/system_stm32l0xx.o
                0x0000000008003270                AHBPrescTable
 .rodata.APBPrescTable
                0x0000000008003280        0x8 ./Core/Src/system_stm32l0xx.o
                0x0000000008003280                APBPrescTable
 .rodata.PLLMulTable
                0x0000000008003288        0x9 ./Core/Src/system_stm32l0xx.o
                0x0000000008003288                PLLMulTable
 *fill*         0x0000000008003291        0x3 
 .rodata.OFFSET_TAB_CCMRx
                0x0000000008003294        0x7 ./Core/Src/tim.o
 *fill*         0x000000000800329b        0x1 
 .rodata.SHIFT_TAB_OCxx
                0x000000000800329c        0x7 ./Core/Src/tim.o
 .rodata._svfprintf_r.str1.1
                0x00000000080032a3       0x11 /opt/st/stm32cubeide_1.14.0/plugins/com.st.stm32cube.ide.mcu.externaltools.gnu-tools-for-stm32.11.3.rel1.linux64_1.1.100.202309141235/tools/bin/../lib/gcc/arm-none-eabi/11.3.1/../../../../arm-none-eabi/lib/thumb/v6-m/nofp/libc_nano.a(libc_a-nano-svfprintf.o)
 .rodata._printf_i.str1.1
                0x00000000080032b4       0x22 /opt/st/stm32cubeide_1.14.0/plugins/com.st.stm32cube.ide.mcu.externaltools.gnu-tools-for-stm32.11.3.rel1.linux64_1.1.100.202309141235/tools/bin/../lib/gcc/arm-none-eabi/11.3.1/../../../../arm-none-eabi/lib/thumb/v6-m/nofp/libc_nano.a(libc_a-nano-vfprintf_i.o)
                0x00000000080032d8                . = ALIGN (0x4)
 *fill*         0x00000000080032d6        0x2 

.rel.dyn        0x00000000080032d8        0x0
 .rel.iplt      0x00000000080032d8        0x0 /opt/st/stm32cubeide_1.14.0/plugins/com.st.stm32cube.ide.mcu.externaltools.gnu-tools-for-stm32.11.3.rel1.linux64_1.1.100.202309141235/tools/bin/../lib/gcc/arm-none-eabi/11.3.1/thumb/v6-m/nofp/crtbegin.o

.ARM.extab      0x00000000080032d8        0x0
                0x00000000080032d8                . = ALIGN (0x4)
 *(.ARM.extab* .gnu.linkonce.armextab.*)
                0x00000000080032d8                . = ALIGN (0x4)

.ARM            0x00000000080032d8        0x0
                0x00000000080032d8                . = ALIGN (0x4)
                0x00000000080032d8                __exidx_start = .
 *(.ARM.exidx*)
                0x00000000080032d8                __exidx_end = .
                0x00000000080032d8                . = ALIGN (0x4)

.preinit_array  0x00000000080032d8        0x0
                0x00000000080032d8                . = ALIGN (0x4)
                0x00000000080032d8                PROVIDE (__preinit_array_start = .)
 *(.preinit_array*)
                0x00000000080032d8                PROVIDE (__preinit_array_end = .)
                0x00000000080032d8                . = ALIGN (0x4)

.init_array     0x00000000080032d8        0x4
                0x00000000080032d8                . = ALIGN (0x4)
                0x00000000080032d8                PROVIDE (__init_array_start = .)
 *(SORT_BY_NAME(.init_array.*))
 *(.init_array*)
 .init_array    0x00000000080032d8        0x4 /opt/st/stm32cubeide_1.14.0/plugins/com.st.stm32cube.ide.mcu.externaltools.gnu-tools-for-stm32.11.3.rel1.linux64_1.1.100.202309141235/tools/bin/../lib/gcc/arm-none-eabi/11.3.1/thumb/v6-m/nofp/crtbegin.o
                0x00000000080032dc                PROVIDE (__init_array_end = .)
                0x00000000080032dc                . = ALIGN (0x4)

.fini_array     0x00000000080032dc        0x4
                0x00000000080032dc                . = ALIGN (0x4)
                [!provide]                        PROVIDE (__fini_array_start = .)
 *(SORT_BY_NAME(.fini_array.*))
 *(.fini_array*)
 .fini_array    0x00000000080032dc        0x4 /opt/st/stm32cubeide_1.14.0/plugins/com.st.stm32cube.ide.mcu.externaltools.gnu-tools-for-stm32.11.3.rel1.linux64_1.1.100.202309141235/tools/bin/../lib/gcc/arm-none-eabi/11.3.1/thumb/v6-m/nofp/crtbegin.o
                [!provide]                        PROVIDE (__fini_array_end = .)
                0x00000000080032e0                . = ALIGN (0x4)
                0x00000000080032e0                _sidata = LOADADDR (.data)

.data           0x0000000020000000       0x5c load address 0x00000000080032e0
                0x0000000020000000                . = ALIGN (0x4)
                0x0000000020000000                _sdata = .
 *(.data)
 *(.data*)
 .data.SystemCoreClock
                0x0000000020000000        0x4 ./Core/Src/system_stm32l0xx.o
                0x0000000020000000                SystemCoreClock
 .data.uwTickPrio
                0x0000000020000004        0x4 ./Drivers/STM32L0xx_HAL_Driver/Src/stm32l0xx_hal.o
                0x0000000020000004                uwTickPrio
 .data.uwTickFreq
                0x0000000020000008        0x1 ./Drivers/STM32L0xx_HAL_Driver/Src/stm32l0xx_hal.o
                0x0000000020000008                uwTickFreq
 *fill*         0x0000000020000009        0x3 
 .data._impure_data
                0x000000002000000c       0x4c /opt/st/stm32cubeide_1.14.0/plugins/com.st.stm32cube.ide.mcu.externaltools.gnu-tools-for-stm32.11.3.rel1.linux64_1.1.100.202309141235/tools/bin/../lib/gcc/arm-none-eabi/11.3.1/../../../../arm-none-eabi/lib/thumb/v6-m/nofp/libc_nano.a(libc_a-impure.o)
                0x000000002000000c                _impure_data
 .data._impure_ptr
                0x0000000020000058        0x4 /opt/st/stm32cubeide_1.14.0/plugins/com.st.stm32cube.ide.mcu.externaltools.gnu-tools-for-stm32.11.3.rel1.linux64_1.1.100.202309141235/tools/bin/../lib/gcc/arm-none-eabi/11.3.1/../../../../arm-none-eabi/lib/thumb/v6-m/nofp/libc_nano.a(libc_a-impure.o)
                0x0000000020000058                _impure_ptr
 *(.RamFunc)
 *(.RamFunc*)
                0x000000002000005c                . = ALIGN (0x4)
                0x000000002000005c                _edata = .

.igot.plt       0x000000002000005c        0x0 load address 0x000000000800333c
 .igot.plt      0x000000002000005c        0x0 /opt/st/stm32cubeide_1.14.0/plugins/com.st.stm32cube.ide.mcu.externaltools.gnu-tools-for-stm32.11.3.rel1.linux64_1.1.100.202309141235/tools/bin/../lib/gcc/arm-none-eabi/11.3.1/thumb/v6-m/nofp/crtbegin.o
                0x000000002000005c                . = ALIGN (0x4)

.bss            0x000000002000005c      0x408 load address 0x000000000800333c
                0x000000002000005c                _sbss = .
                0x000000002000005c                __bss_start__ = _sbss
 *(.bss)
 .bss           0x000000002000005c       0x1c /opt/st/stm32cubeide_1.14.0/plugins/com.st.stm32cube.ide.mcu.externaltools.gnu-tools-for-stm32.11.3.rel1.linux64_1.1.100.202309141235/tools/bin/../lib/gcc/arm-none-eabi/11.3.1/thumb/v6-m/nofp/crtbegin.o
 *(.bss*)
 .bss.ledStatus
                0x0000000020000078        0x2 ./Core/Src/led.o
                0x0000000020000078                ledStatus
 *fill*         0x000000002000007a        0x2 
 .bss.hShell    0x000000002000007c      0x240 ./Core/Src/main.o
                0x000000002000007c                hShell
 .bss.hspi1     0x00000000200002bc       0x58 ./Core/Src/spi.o
                0x00000000200002bc                hspi1
 .bss.__sbrk_heap_end
                0x0000000020000314        0x4 ./Core/Src/sysmem.o
 .bss.uwTick    0x0000000020000318        0x4 ./Drivers/STM32L0xx_HAL_Driver/Src/stm32l0xx_hal.o
                0x0000000020000318                uwTick
 .bss.__sf      0x000000002000031c      0x138 /opt/st/stm32cubeide_1.14.0/plugins/com.st.stm32cube.ide.mcu.externaltools.gnu-tools-for-stm32.11.3.rel1.linux64_1.1.100.202309141235/tools/bin/../lib/gcc/arm-none-eabi/11.3.1/../../../../arm-none-eabi/lib/thumb/v6-m/nofp/libc_nano.a(libc_a-findfp.o)
                0x000000002000031c                __sf
 .bss.errno     0x0000000020000454        0x4 /opt/st/stm32cubeide_1.14.0/plugins/com.st.stm32cube.ide.mcu.externaltools.gnu-tools-for-stm32.11.3.rel1.linux64_1.1.100.202309141235/tools/bin/../lib/gcc/arm-none-eabi/11.3.1/../../../../arm-none-eabi/lib/thumb/v6-m/nofp/libc_nano.a(libc_a-reent.o)
                0x0000000020000454                errno
 .bss.__lock___malloc_recursive_mutex
                0x0000000020000458        0x1 /opt/st/stm32cubeide_1.14.0/plugins/com.st.stm32cube.ide.mcu.externaltools.gnu-tools-for-stm32.11.3.rel1.linux64_1.1.100.202309141235/tools/bin/../lib/gcc/arm-none-eabi/11.3.1/../../../../arm-none-eabi/lib/thumb/v6-m/nofp/libc_nano.a(libc_a-lock.o)
                0x0000000020000458                __lock___malloc_recursive_mutex
 *fill*         0x0000000020000459        0x3 
 .bss.__malloc_free_list
                0x000000002000045c        0x4 /opt/st/stm32cubeide_1.14.0/plugins/com.st.stm32cube.ide.mcu.externaltools.gnu-tools-for-stm32.11.3.rel1.linux64_1.1.100.202309141235/tools/bin/../lib/gcc/arm-none-eabi/11.3.1/../../../../arm-none-eabi/lib/thumb/v6-m/nofp/libc_nano.a(libc_a-mallocr.o)
                0x000000002000045c                __malloc_free_list
 .bss.__malloc_sbrk_start
                0x0000000020000460        0x4 /opt/st/stm32cubeide_1.14.0/plugins/com.st.stm32cube.ide.mcu.externaltools.gnu-tools-for-stm32.11.3.rel1.linux64_1.1.100.202309141235/tools/bin/../lib/gcc/arm-none-eabi/11.3.1/../../../../arm-none-eabi/lib/thumb/v6-m/nofp/libc_nano.a(libc_a-mallocr.o)
                0x0000000020000460                __malloc_sbrk_start
 *(COMMON)
                0x0000000020000464                . = ALIGN (0x4)
                0x0000000020000464                _ebss = .
                0x0000000020000464                __bss_end__ = _ebss

._user_heap_stack
                0x0000000020000464      0x354 load address 0x000000000800333c
                0x0000000020000468                . = ALIGN (0x8)
 *fill*         0x0000000020000464        0x4 
                [!provide]                        PROVIDE (end = .)
                0x0000000020000468                PROVIDE (_end = .)
                0x0000000020000468                . = (. + _Min_Heap_Size)
                0x00000000200007b8                . = (. + _Min_Stack_Size)
 *fill*         0x0000000020000468      0x350 
                0x00000000200007b8                . = ALIGN (0x8)

/DISCARD/
 libc.a(*)
 libm.a(*)
 libgcc.a(*)

.ARM.attributes
                0x0000000000000000       0x28
 *(.ARM.attributes)
 .ARM.attributes
                0x0000000000000000       0x1e /opt/st/stm32cubeide_1.14.0/plugins/com.st.stm32cube.ide.mcu.externaltools.gnu-tools-for-stm32.11.3.rel1.linux64_1.1.100.202309141235/tools/bin/../lib/gcc/arm-none-eabi/11.3.1/thumb/v6-m/nofp/crti.o
 .ARM.attributes
                0x000000000000001e       0x2c /opt/st/stm32cubeide_1.14.0/plugins/com.st.stm32cube.ide.mcu.externaltools.gnu-tools-for-stm32.11.3.rel1.linux64_1.1.100.202309141235/tools/bin/../lib/gcc/arm-none-eabi/11.3.1/thumb/v6-m/nofp/crtbegin.o
 .ARM.attributes
                0x000000000000004a       0x2c ./Core/Src/Serial.o
 .ARM.attributes
                0x0000000000000076       0x2c ./Core/Src/Shell.o
 .ARM.attributes
                0x00000000000000a2       0x2c ./Core/Src/Timebase.o
 .ARM.attributes
                0x00000000000000ce       0x2c ./Core/Src/adc.o
 .ARM.attributes
                0x00000000000000fa       0x2c ./Core/Src/gpio.o
 .ARM.attributes
                0x0000000000000126       0x2c ./Core/Src/led.o
 .ARM.attributes
                0x0000000000000152       0x2c ./Core/Src/main.o
 .ARM.attributes
                0x000000000000017e       0x2c ./Core/Src/spi.o
 .ARM.attributes
                0x00000000000001aa       0x2c ./Core/Src/stm32l0xx_hal_msp.o
 .ARM.attributes
                0x00000000000001d6       0x2c ./Core/Src/stm32l0xx_it.o
 .ARM.attributes
                0x0000000000000202       0x2c ./Core/Src/sysmem.o
 .ARM.attributes
                0x000000000000022e       0x2c ./Core/Src/system_stm32l0xx.o
 .ARM.attributes
                0x000000000000025a       0x2c ./Core/Src/tim.o
 .ARM.attributes
                0x0000000000000286       0x2c ./Core/Src/usart.o
 .ARM.attributes
                0x00000000000002b2       0x22 ./Core/Startup/startup_stm32l021k4tx.o
 .ARM.attributes
                0x00000000000002d4       0x2c ./Drivers/STM32L0xx_HAL_Driver/Src/stm32l0xx_hal.o
 .ARM.attributes
                0x0000000000000300       0x2c ./Drivers/STM32L0xx_HAL_Driver/Src/stm32l0xx_hal_cortex.o
 .ARM.attributes
                0x000000000000032c       0x2c ./Drivers/STM32L0xx_HAL_Driver/Src/stm32l0xx_hal_gpio.o
 .ARM.attributes
                0x0000000000000358       0x2c ./Drivers/STM32L0xx_HAL_Driver/Src/stm32l0xx_hal_spi.o
 .ARM.attributes
                0x0000000000000384       0x2c ./Drivers/STM32L0xx_HAL_Driver/Src/stm32l0xx_ll_adc.o
 .ARM.attributes
                0x00000000000003b0       0x2c ./Drivers/STM32L0xx_HAL_Driver/Src/stm32l0xx_ll_gpio.o
 .ARM.attributes
                0x00000000000003dc       0x2c ./Drivers/STM32L0xx_HAL_Driver/Src/stm32l0xx_ll_rcc.o
 .ARM.attributes
                0x0000000000000408       0x2c ./Drivers/STM32L0xx_HAL_Driver/Src/stm32l0xx_ll_tim.o
 .ARM.attributes
                0x0000000000000434       0x2c ./Drivers/STM32L0xx_HAL_Driver/Src/stm32l0xx_ll_usart.o
 .ARM.attributes
                0x0000000000000460       0x2c ./Drivers/STM32L0xx_HAL_Driver/Src/stm32l0xx_ll_utils.o
 .ARM.attributes
                0x000000000000048c       0x2c /opt/st/stm32cubeide_1.14.0/plugins/com.st.stm32cube.ide.mcu.externaltools.gnu-tools-for-stm32.11.3.rel1.linux64_1.1.100.202309141235/tools/bin/../lib/gcc/arm-none-eabi/11.3.1/../../../../arm-none-eabi/lib/thumb/v6-m/nofp/libc_nano.a(libc_a-findfp.o)
 .ARM.attributes
                0x00000000000004b8       0x2c /opt/st/stm32cubeide_1.14.0/plugins/com.st.stm32cube.ide.mcu.externaltools.gnu-tools-for-stm32.11.3.rel1.linux64_1.1.100.202309141235/tools/bin/../lib/gcc/arm-none-eabi/11.3.1/../../../../arm-none-eabi/lib/thumb/v6-m/nofp/libc_nano.a(libc_a-snprintf.o)
 .ARM.attributes
                0x00000000000004e4       0x2c /opt/st/stm32cubeide_1.14.0/plugins/com.st.stm32cube.ide.mcu.externaltools.gnu-tools-for-stm32.11.3.rel1.linux64_1.1.100.202309141235/tools/bin/../lib/gcc/arm-none-eabi/11.3.1/../../../../arm-none-eabi/lib/thumb/v6-m/nofp/libc_nano.a(libc_a-memset.o)
 .ARM.attributes
                0x0000000000000510       0x2c /opt/st/stm32cubeide_1.14.0/plugins/com.st.stm32cube.ide.mcu.externaltools.gnu-tools-for-stm32.11.3.rel1.linux64_1.1.100.202309141235/tools/bin/../lib/gcc/arm-none-eabi/11.3.1/../../../../arm-none-eabi/lib/thumb/v6-m/nofp/libc_nano.a(libc_a-reent.o)
 .ARM.attributes
                0x000000000000053c       0x2c /opt/st/stm32cubeide_1.14.0/plugins/com.st.stm32cube.ide.mcu.externaltools.gnu-tools-for-stm32.11.3.rel1.linux64_1.1.100.202309141235/tools/bin/../lib/gcc/arm-none-eabi/11.3.1/../../../../arm-none-eabi/lib/thumb/v6-m/nofp/libc_nano.a(libc_a-impure.o)
 .ARM.attributes
                0x0000000000000568       0x2c /opt/st/stm32cubeide_1.14.0/plugins/com.st.stm32cube.ide.mcu.externaltools.gnu-tools-for-stm32.11.3.rel1.linux64_1.1.100.202309141235/tools/bin/../lib/gcc/arm-none-eabi/11.3.1/../../../../arm-none-eabi/lib/thumb/v6-m/nofp/libc_nano.a(libc_a-errno.o)
 .ARM.attributes
                0x0000000000000594       0x2c /opt/st/stm32cubeide_1.14.0/plugins/com.st.stm32cube.ide.mcu.externaltools.gnu-tools-for-stm32.11.3.rel1.linux64_1.1.100.202309141235/tools/bin/../lib/gcc/arm-none-eabi/11.3.1/../../../../arm-none-eabi/lib/thumb/v6-m/nofp/libc_nano.a(libc_a-init.o)
 .ARM.attributes
                0x00000000000005c0       0x2c /opt/st/stm32cubeide_1.14.0/plugins/com.st.stm32cube.ide.mcu.externaltools.gnu-tools-for-stm32.11.3.rel1.linux64_1.1.100.202309141235/tools/bin/../lib/gcc/arm-none-eabi/11.3.1/../../../../arm-none-eabi/lib/thumb/v6-m/nofp/libc_nano.a(libc_a-lock.o)
 .ARM.attributes
                0x00000000000005ec       0x2c /opt/st/stm32cubeide_1.14.0/plugins/com.st.stm32cube.ide.mcu.externaltools.gnu-tools-for-stm32.11.3.rel1.linux64_1.1.100.202309141235/tools/bin/../lib/gcc/arm-none-eabi/11.3.1/../../../../arm-none-eabi/lib/thumb/v6-m/nofp/libc_nano.a(libc_a-freer.o)
 .ARM.attributes
                0x0000000000000618       0x2c /opt/st/stm32cubeide_1.14.0/plugins/com.st.stm32cube.ide.mcu.externaltools.gnu-tools-for-stm32.11.3.rel1.linux64_1.1.100.202309141235/tools/bin/../lib/gcc/arm-none-eabi/11.3.1/../../../../arm-none-eabi/lib/thumb/v6-m/nofp/libc_nano.a(libc_a-mallocr.o)
 .ARM.attributes
                0x0000000000000644       0x2c /opt/st/stm32cubeide_1.14.0/plugins/com.st.stm32cube.ide.mcu.externaltools.gnu-tools-for-stm32.11.3.rel1.linux64_1.1.100.202309141235/tools/bin/../lib/gcc/arm-none-eabi/11.3.1/../../../../arm-none-eabi/lib/thumb/v6-m/nofp/libc_nano.a(libc_a-mlock.o)
 .ARM.attributes
                0x0000000000000670       0x2c /opt/st/stm32cubeide_1.14.0/plugins/com.st.stm32cube.ide.mcu.externaltools.gnu-tools-for-stm32.11.3.rel1.linux64_1.1.100.202309141235/tools/bin/../lib/gcc/arm-none-eabi/11.3.1/../../../../arm-none-eabi/lib/thumb/v6-m/nofp/libc_nano.a(libc_a-nano-svfprintf.o)
 .ARM.attributes
                0x000000000000069c       0x2c /opt/st/stm32cubeide_1.14.0/plugins/com.st.stm32cube.ide.mcu.externaltools.gnu-tools-for-stm32.11.3.rel1.linux64_1.1.100.202309141235/tools/bin/../lib/gcc/arm-none-eabi/11.3.1/../../../../arm-none-eabi/lib/thumb/v6-m/nofp/libc_nano.a(libc_a-nano-vfprintf_i.o)
 .ARM.attributes
                0x00000000000006c8       0x2c /opt/st/stm32cubeide_1.14.0/plugins/com.st.stm32cube.ide.mcu.externaltools.gnu-tools-for-stm32.11.3.rel1.linux64_1.1.100.202309141235/tools/bin/../lib/gcc/arm-none-eabi/11.3.1/../../../../arm-none-eabi/lib/thumb/v6-m/nofp/libc_nano.a(libc_a-memmove.o)
 .ARM.attributes
                0x00000000000006f4       0x2c /opt/st/stm32cubeide_1.14.0/plugins/com.st.stm32cube.ide.mcu.externaltools.gnu-tools-for-stm32.11.3.rel1.linux64_1.1.100.202309141235/tools/bin/../lib/gcc/arm-none-eabi/11.3.1/../../../../arm-none-eabi/lib/thumb/v6-m/nofp/libc_nano.a(libc_a-sbrkr.o)
 .ARM.attributes
                0x0000000000000720       0x2c /opt/st/stm32cubeide_1.14.0/plugins/com.st.stm32cube.ide.mcu.externaltools.gnu-tools-for-stm32.11.3.rel1.linux64_1.1.100.202309141235/tools/bin/../lib/gcc/arm-none-eabi/11.3.1/../../../../arm-none-eabi/lib/thumb/v6-m/nofp/libc_nano.a(libc_a-memchr-stub.o)
 .ARM.attributes
                0x000000000000074c       0x2c /opt/st/stm32cubeide_1.14.0/plugins/com.st.stm32cube.ide.mcu.externaltools.gnu-tools-for-stm32.11.3.rel1.linux64_1.1.100.202309141235/tools/bin/../lib/gcc/arm-none-eabi/11.3.1/../../../../arm-none-eabi/lib/thumb/v6-m/nofp/libc_nano.a(libc_a-memcpy-stub.o)
 .ARM.attributes
                0x0000000000000778       0x2c /opt/st/stm32cubeide_1.14.0/plugins/com.st.stm32cube.ide.mcu.externaltools.gnu-tools-for-stm32.11.3.rel1.linux64_1.1.100.202309141235/tools/bin/../lib/gcc/arm-none-eabi/11.3.1/../../../../arm-none-eabi/lib/thumb/v6-m/nofp/libc_nano.a(libc_a-reallocr.o)
 .ARM.attributes
                0x00000000000007a4       0x2c /opt/st/stm32cubeide_1.14.0/plugins/com.st.stm32cube.ide.mcu.externaltools.gnu-tools-for-stm32.11.3.rel1.linux64_1.1.100.202309141235/tools/bin/../lib/gcc/arm-none-eabi/11.3.1/../../../../arm-none-eabi/lib/thumb/v6-m/nofp/libc_nano.a(libc_a-msizer.o)
 .ARM.attributes
                0x00000000000007d0       0x1e /opt/st/stm32cubeide_1.14.0/plugins/com.st.stm32cube.ide.mcu.externaltools.gnu-tools-for-stm32.11.3.rel1.linux64_1.1.100.202309141235/tools/bin/../lib/gcc/arm-none-eabi/11.3.1/thumb/v6-m/nofp/libgcc.a(_thumb1_case_shi.o)
 .ARM.attributes
                0x00000000000007ee       0x1e /opt/st/stm32cubeide_1.14.0/plugins/com.st.stm32cube.ide.mcu.externaltools.gnu-tools-for-stm32.11.3.rel1.linux64_1.1.100.202309141235/tools/bin/../lib/gcc/arm-none-eabi/11.3.1/thumb/v6-m/nofp/libgcc.a(_udivsi3.o)
 .ARM.attributes
                0x000000000000080c       0x1e /opt/st/stm32cubeide_1.14.0/plugins/com.st.stm32cube.ide.mcu.externaltools.gnu-tools-for-stm32.11.3.rel1.linux64_1.1.100.202309141235/tools/bin/../lib/gcc/arm-none-eabi/11.3.1/thumb/v6-m/nofp/libgcc.a(_dvmd_tls.o)
 .ARM.attributes
                0x000000000000082a       0x1e /opt/st/stm32cubeide_1.14.0/plugins/com.st.stm32cube.ide.mcu.externaltools.gnu-tools-for-stm32.11.3.rel1.linux64_1.1.100.202309141235/tools/bin/../lib/gcc/arm-none-eabi/11.3.1/thumb/v6-m/nofp/crtn.o
OUTPUT(STM32L021K4.elf elf32-littlearm)
LOAD linker stubs
LOAD /opt/st/stm32cubeide_1.14.0/plugins/com.st.stm32cube.ide.mcu.externaltools.gnu-tools-for-stm32.11.3.rel1.linux64_1.1.100.202309141235/tools/bin/../lib/gcc/arm-none-eabi/11.3.1/../../../../arm-none-eabi/lib/thumb/v6-m/nofp/libc.a
LOAD /opt/st/stm32cubeide_1.14.0/plugins/com.st.stm32cube.ide.mcu.externaltools.gnu-tools-for-stm32.11.3.rel1.linux64_1.1.100.202309141235/tools/bin/../lib/gcc/arm-none-eabi/11.3.1/../../../../arm-none-eabi/lib/thumb/v6-m/nofp/libm.a
LOAD /opt/st/stm32cubeide_1.14.0/plugins/com.st.stm32cube.ide.mcu.externaltools.gnu-tools-for-stm32.11.3.rel1.linux64_1.1.100.202309141235/tools/bin/../lib/gcc/arm-none-eabi/11.3.1/thumb/v6-m/nofp/libgcc.a

.comment        0x0000000000000000       0x43
 .comment       0x0000000000000000       0x43 /opt/st/stm32cubeide_1.14.0/plugins/com.st.stm32cube.ide.mcu.externaltools.gnu-tools-for-stm32.11.3.rel1.linux64_1.1.100.202309141235/tools/bin/../lib/gcc/arm-none-eabi/11.3.1/thumb/v6-m/nofp/crtbegin.o
                                         0x44 (size before relaxing)
 .comment       0x0000000000000043       0x44 ./Core/Src/Serial.o
 .comment       0x0000000000000043       0x44 ./Core/Src/Shell.o
 .comment       0x0000000000000043       0x44 ./Core/Src/Timebase.o
 .comment       0x0000000000000043       0x44 ./Core/Src/adc.o
 .comment       0x0000000000000043       0x44 ./Core/Src/gpio.o
 .comment       0x0000000000000043       0x44 ./Core/Src/led.o
 .comment       0x0000000000000043       0x44 ./Core/Src/main.o
 .comment       0x0000000000000043       0x44 ./Core/Src/spi.o
 .comment       0x0000000000000043       0x44 ./Core/Src/stm32l0xx_hal_msp.o
 .comment       0x0000000000000043       0x44 ./Core/Src/stm32l0xx_it.o
 .comment       0x0000000000000043       0x44 ./Core/Src/sysmem.o
 .comment       0x0000000000000043       0x44 ./Core/Src/system_stm32l0xx.o
 .comment       0x0000000000000043       0x44 ./Core/Src/tim.o
 .comment       0x0000000000000043       0x44 ./Core/Src/usart.o
 .comment       0x0000000000000043       0x44 ./Drivers/STM32L0xx_HAL_Driver/Src/stm32l0xx_hal.o
 .comment       0x0000000000000043       0x44 ./Drivers/STM32L0xx_HAL_Driver/Src/stm32l0xx_hal_cortex.o
 .comment       0x0000000000000043       0x44 ./Drivers/STM32L0xx_HAL_Driver/Src/stm32l0xx_hal_gpio.o
 .comment       0x0000000000000043       0x44 ./Drivers/STM32L0xx_HAL_Driver/Src/stm32l0xx_hal_spi.o
 .comment       0x0000000000000043       0x44 ./Drivers/STM32L0xx_HAL_Driver/Src/stm32l0xx_ll_adc.o
 .comment       0x0000000000000043       0x44 ./Drivers/STM32L0xx_HAL_Driver/Src/stm32l0xx_ll_gpio.o
 .comment       0x0000000000000043       0x44 ./Drivers/STM32L0xx_HAL_Driver/Src/stm32l0xx_ll_rcc.o
 .comment       0x0000000000000043       0x44 ./Drivers/STM32L0xx_HAL_Driver/Src/stm32l0xx_ll_tim.o
 .comment       0x0000000000000043       0x44 ./Drivers/STM32L0xx_HAL_Driver/Src/stm32l0xx_ll_usart.o
 .comment       0x0000000000000043       0x44 ./Drivers/STM32L0xx_HAL_Driver/Src/stm32l0xx_ll_utils.o

.debug_info     0x0000000000000000     0x9eb3
 .debug_info    0x0000000000000000      0x325 ./Core/Src/Serial.o
 .debug_info    0x0000000000000325      0x4a2 ./Core/Src/Shell.o
 .debug_info    0x00000000000007c7      0x2c8 ./Core/Src/Timebase.o
 .debug_info    0x0000000000000a8f      0x82c ./Core/Src/adc.o
 .debug_info    0x00000000000012bb      0x3e9 ./Core/Src/gpio.o
 .debug_info    0x00000000000016a4      0x36f ./Core/Src/led.o
 .debug_info    0x0000000000001a13      0x896 ./Core/Src/main.o
 .debug_info    0x00000000000022a9      0x8fb ./Core/Src/spi.o
 .debug_info    0x0000000000002ba4      0x256 ./Core/Src/stm32l0xx_hal_msp.o
 .debug_info    0x0000000000002dfa      0x2e2 ./Core/Src/stm32l0xx_it.o
 .debug_info    0x00000000000030dc      0x168 ./Core/Src/sysmem.o
 .debug_info    0x0000000000003244      0x2d0 ./Core/Src/system_stm32l0xx.o
 .debug_info    0x0000000000003514      0xb1e ./Core/Src/tim.o
 .debug_info    0x0000000000004032      0x5a9 ./Core/Src/usart.o
 .debug_info    0x00000000000045db       0x23 ./Core/Startup/startup_stm32l021k4tx.o
 .debug_info    0x00000000000045fe      0x812 ./Drivers/STM32L0xx_HAL_Driver/Src/stm32l0xx_hal.o
 .debug_info    0x0000000000004e10      0x672 ./Drivers/STM32L0xx_HAL_Driver/Src/stm32l0xx_hal_cortex.o
 .debug_info    0x0000000000005482      0x624 ./Drivers/STM32L0xx_HAL_Driver/Src/stm32l0xx_hal_gpio.o
 .debug_info    0x0000000000005aa6     0x15b2 ./Drivers/STM32L0xx_HAL_Driver/Src/stm32l0xx_hal_spi.o
 .debug_info    0x0000000000007058      0x749 ./Drivers/STM32L0xx_HAL_Driver/Src/stm32l0xx_ll_adc.o
 .debug_info    0x00000000000077a1      0x56d ./Drivers/STM32L0xx_HAL_Driver/Src/stm32l0xx_ll_gpio.o
 .debug_info    0x0000000000007d0e      0x711 ./Drivers/STM32L0xx_HAL_Driver/Src/stm32l0xx_ll_rcc.o
 .debug_info    0x000000000000841f      0xc22 ./Drivers/STM32L0xx_HAL_Driver/Src/stm32l0xx_ll_tim.o
 .debug_info    0x0000000000009041      0x601 ./Drivers/STM32L0xx_HAL_Driver/Src/stm32l0xx_ll_usart.o
 .debug_info    0x0000000000009642      0x871 ./Drivers/STM32L0xx_HAL_Driver/Src/stm32l0xx_ll_utils.o

.debug_abbrev   0x0000000000000000     0x2a94
 .debug_abbrev  0x0000000000000000      0x182 ./Core/Src/Serial.o
 .debug_abbrev  0x0000000000000182      0x198 ./Core/Src/Shell.o
 .debug_abbrev  0x000000000000031a      0x117 ./Core/Src/Timebase.o
 .debug_abbrev  0x0000000000000431      0x192 ./Core/Src/adc.o
 .debug_abbrev  0x00000000000005c3      0x17e ./Core/Src/gpio.o
 .debug_abbrev  0x0000000000000741      0x17b ./Core/Src/led.o
 .debug_abbrev  0x00000000000008bc      0x339 ./Core/Src/main.o
 .debug_abbrev  0x0000000000000bf5      0x1eb ./Core/Src/spi.o
 .debug_abbrev  0x0000000000000de0       0xca ./Core/Src/stm32l0xx_hal_msp.o
 .debug_abbrev  0x0000000000000eaa      0x140 ./Core/Src/stm32l0xx_it.o
 .debug_abbrev  0x0000000000000fea       0xbc ./Core/Src/sysmem.o
 .debug_abbrev  0x00000000000010a6      0x11c ./Core/Src/system_stm32l0xx.o
 .debug_abbrev  0x00000000000011c2      0x1d3 ./Core/Src/tim.o
 .debug_abbrev  0x0000000000001395      0x19b ./Core/Src/usart.o
 .debug_abbrev  0x0000000000001530       0x12 ./Core/Startup/startup_stm32l021k4tx.o
 .debug_abbrev  0x0000000000001542      0x2a4 ./Drivers/STM32L0xx_HAL_Driver/Src/stm32l0xx_hal.o
 .debug_abbrev  0x00000000000017e6      0x26f ./Drivers/STM32L0xx_HAL_Driver/Src/stm32l0xx_hal_cortex.o
 .debug_abbrev  0x0000000000001a55      0x1ca ./Drivers/STM32L0xx_HAL_Driver/Src/stm32l0xx_hal_gpio.o
 .debug_abbrev  0x0000000000001c1f      0x27e ./Drivers/STM32L0xx_HAL_Driver/Src/stm32l0xx_hal_spi.o
 .debug_abbrev  0x0000000000001e9d      0x1e1 ./Drivers/STM32L0xx_HAL_Driver/Src/stm32l0xx_ll_adc.o
 .debug_abbrev  0x000000000000207e      0x1a6 ./Drivers/STM32L0xx_HAL_Driver/Src/stm32l0xx_ll_gpio.o
 .debug_abbrev  0x0000000000002224      0x223 ./Drivers/STM32L0xx_HAL_Driver/Src/stm32l0xx_ll_rcc.o
 .debug_abbrev  0x0000000000002447      0x211 ./Drivers/STM32L0xx_HAL_Driver/Src/stm32l0xx_ll_tim.o
 .debug_abbrev  0x0000000000002658      0x1e4 ./Drivers/STM32L0xx_HAL_Driver/Src/stm32l0xx_ll_usart.o
 .debug_abbrev  0x000000000000283c      0x258 ./Drivers/STM32L0xx_HAL_Driver/Src/stm32l0xx_ll_utils.o

.debug_aranges  0x0000000000000000      0xcd0
 .debug_aranges
                0x0000000000000000       0x50 ./Core/Src/Serial.o
 .debug_aranges
                0x0000000000000050       0x50 ./Core/Src/Shell.o
 .debug_aranges
                0x00000000000000a0       0x38 ./Core/Src/Timebase.o
 .debug_aranges
                0x00000000000000d8       0x70 ./Core/Src/adc.o
 .debug_aranges
                0x0000000000000148       0x28 ./Core/Src/gpio.o
 .debug_aranges
                0x0000000000000170       0x48 ./Core/Src/led.o
 .debug_aranges
                0x00000000000001b8       0xa0 ./Core/Src/main.o
 .debug_aranges
                0x0000000000000258       0x30 ./Core/Src/spi.o
 .debug_aranges
                0x0000000000000288       0x20 ./Core/Src/stm32l0xx_hal_msp.o
 .debug_aranges
                0x00000000000002a8       0x50 ./Core/Src/stm32l0xx_it.o
 .debug_aranges
                0x00000000000002f8       0x20 ./Core/Src/sysmem.o
 .debug_aranges
                0x0000000000000318       0x28 ./Core/Src/system_stm32l0xx.o
 .debug_aranges
                0x0000000000000340       0x80 ./Core/Src/tim.o
 .debug_aranges
                0x00000000000003c0       0x40 ./Core/Src/usart.o
 .debug_aranges
                0x0000000000000400       0x28 ./Core/Startup/startup_stm32l021k4tx.o
 .debug_aranges
                0x0000000000000428      0x110 ./Drivers/STM32L0xx_HAL_Driver/Src/stm32l0xx_hal.o
 .debug_aranges
                0x0000000000000538       0xc0 ./Drivers/STM32L0xx_HAL_Driver/Src/stm32l0xx_hal_cortex.o
 .debug_aranges
                0x00000000000005f8       0x58 ./Drivers/STM32L0xx_HAL_Driver/Src/stm32l0xx_hal_gpio.o
 .debug_aranges
                0x0000000000000650      0x1d0 ./Drivers/STM32L0xx_HAL_Driver/Src/stm32l0xx_hal_spi.o
 .debug_aranges
                0x0000000000000820       0xa8 ./Drivers/STM32L0xx_HAL_Driver/Src/stm32l0xx_ll_adc.o
 .debug_aranges
                0x00000000000008c8       0x70 ./Drivers/STM32L0xx_HAL_Driver/Src/stm32l0xx_ll_gpio.o
 .debug_aranges
                0x0000000000000938      0x130 ./Drivers/STM32L0xx_HAL_Driver/Src/stm32l0xx_ll_rcc.o
 .debug_aranges
                0x0000000000000a68      0x100 ./Drivers/STM32L0xx_HAL_Driver/Src/stm32l0xx_ll_tim.o
 .debug_aranges
                0x0000000000000b68       0x78 ./Drivers/STM32L0xx_HAL_Driver/Src/stm32l0xx_ll_usart.o
 .debug_aranges
                0x0000000000000be0       0xf0 ./Drivers/STM32L0xx_HAL_Driver/Src/stm32l0xx_ll_utils.o

.debug_rnglists
                0x0000000000000000      0x95e
 .debug_rnglists
                0x0000000000000000       0x37 ./Core/Src/Serial.o
 .debug_rnglists
                0x0000000000000037       0x3c ./Core/Src/Shell.o
 .debug_rnglists
                0x0000000000000073       0x25 ./Core/Src/Timebase.o
 .debug_rnglists
                0x0000000000000098       0x50 ./Core/Src/adc.o
 .debug_rnglists
                0x00000000000000e8       0x19 ./Core/Src/gpio.o
 .debug_rnglists
                0x0000000000000101       0x31 ./Core/Src/led.o
 .debug_rnglists
                0x0000000000000132       0x74 ./Core/Src/main.o
 .debug_rnglists
                0x00000000000001a6       0x20 ./Core/Src/spi.o
 .debug_rnglists
                0x00000000000001c6       0x13 ./Core/Src/stm32l0xx_hal_msp.o
 .debug_rnglists
                0x00000000000001d9       0x37 ./Core/Src/stm32l0xx_it.o
 .debug_rnglists
                0x0000000000000210       0x13 ./Core/Src/sysmem.o
 .debug_rnglists
                0x0000000000000223       0x1a ./Core/Src/system_stm32l0xx.o
 .debug_rnglists
                0x000000000000023d       0x5d ./Core/Src/tim.o
 .debug_rnglists
                0x000000000000029a       0x2c ./Core/Src/usart.o
 .debug_rnglists
                0x00000000000002c6       0x1a ./Core/Startup/startup_stm32l021k4tx.o
 .debug_rnglists
                0x00000000000002e0       0xc7 ./Drivers/STM32L0xx_HAL_Driver/Src/stm32l0xx_hal.o
 .debug_rnglists
                0x00000000000003a7       0x8c ./Drivers/STM32L0xx_HAL_Driver/Src/stm32l0xx_hal_cortex.o
 .debug_rnglists
                0x0000000000000433       0x3f ./Drivers/STM32L0xx_HAL_Driver/Src/stm32l0xx_hal_gpio.o
 .debug_rnglists
                0x0000000000000472      0x171 ./Drivers/STM32L0xx_HAL_Driver/Src/stm32l0xx_hal_spi.o
 .debug_rnglists
                0x00000000000005e3       0x7a ./Drivers/STM32L0xx_HAL_Driver/Src/stm32l0xx_ll_adc.o
 .debug_rnglists
                0x000000000000065d       0x50 ./Drivers/STM32L0xx_HAL_Driver/Src/stm32l0xx_ll_gpio.o
 .debug_rnglists
                0x00000000000006ad       0xe5 ./Drivers/STM32L0xx_HAL_Driver/Src/stm32l0xx_ll_rcc.o
 .debug_rnglists
                0x0000000000000792       0xc3 ./Drivers/STM32L0xx_HAL_Driver/Src/stm32l0xx_ll_tim.o
 .debug_rnglists
                0x0000000000000855       0x56 ./Drivers/STM32L0xx_HAL_Driver/Src/stm32l0xx_ll_usart.o
 .debug_rnglists
                0x00000000000008ab       0xb3 ./Drivers/STM32L0xx_HAL_Driver/Src/stm32l0xx_ll_utils.o

.debug_macro    0x0000000000000000     0x536f
 .debug_macro   0x0000000000000000      0x239 ./Core/Src/Serial.o
 .debug_macro   0x0000000000000239      0x14f ./Core/Src/Shell.o
 .debug_macro   0x0000000000000388       0x46 ./Core/Src/Shell.o
 .debug_macro   0x00000000000003ce       0x61 ./Core/Src/Shell.o
 .debug_macro   0x000000000000042f       0x24 ./Core/Src/Shell.o
 .debug_macro   0x0000000000000453       0x43 ./Core/Src/Shell.o
 .debug_macro   0x0000000000000496       0x34 ./Core/Src/Shell.o
 .debug_macro   0x00000000000004ca       0x16 ./Core/Src/Shell.o
 .debug_macro   0x00000000000004e0       0x97 ./Core/Src/Shell.o
 .debug_macro   0x0000000000000577      0x369 ./Core/Src/Shell.o
 .debug_macro   0x00000000000008e0       0xfd ./Core/Src/Shell.o
 .debug_macro   0x00000000000009dd       0x10 ./Core/Src/Shell.o
 .debug_macro   0x00000000000009ed       0x16 ./Core/Src/Shell.o
 .debug_macro   0x0000000000000a03       0x43 ./Core/Src/Shell.o
 .debug_macro   0x0000000000000a46       0x34 ./Core/Src/Shell.o
 .debug_macro   0x0000000000000a7a       0x10 ./Core/Src/Shell.o
 .debug_macro   0x0000000000000a8a       0x58 ./Core/Src/Shell.o
 .debug_macro   0x0000000000000ae2       0x8e ./Core/Src/Shell.o
 .debug_macro   0x0000000000000b70       0x1c ./Core/Src/Shell.o
 .debug_macro   0x0000000000000b8c      0x177 ./Core/Src/Shell.o
 .debug_macro   0x0000000000000d03       0x16 ./Core/Src/Shell.o
 .debug_macro   0x0000000000000d19       0x16 ./Core/Src/Shell.o
 .debug_macro   0x0000000000000d2f      0x147 ./Core/Src/Shell.o
 .debug_macro   0x0000000000000e76      0x235 ./Core/Src/Timebase.o
 .debug_macro   0x00000000000010ab      0x235 ./Core/Src/adc.o
 .debug_macro   0x00000000000012e0      0x235 ./Core/Src/gpio.o
 .debug_macro   0x0000000000001515      0x30b ./Core/Src/led.o
 .debug_macro   0x0000000000001820       0x5b ./Core/Src/led.o
 .debug_macro   0x000000000000187b       0x94 ./Core/Src/led.o
 .debug_macro   0x000000000000190f       0x57 ./Core/Src/led.o
 .debug_macro   0x0000000000001966       0x56 ./Core/Src/led.o
 .debug_macro   0x00000000000019bc      0x288 ./Core/Src/main.o
 .debug_macro   0x0000000000001c44       0x4c ./Core/Src/main.o
 .debug_macro   0x0000000000001c90      0x235 ./Core/Src/spi.o
 .debug_macro   0x0000000000001ec5      0x22b ./Core/Src/stm32l0xx_hal_msp.o
 .debug_macro   0x00000000000020f0      0x243 ./Core/Src/stm32l0xx_it.o
 .debug_macro   0x0000000000002333       0xff ./Core/Src/sysmem.o
 .debug_macro   0x0000000000002432      0x23c ./Core/Src/sysmem.o
 .debug_macro   0x000000000000266e      0x1a6 ./Core/Src/system_stm32l0xx.o
 .debug_macro   0x0000000000002814      0x235 ./Core/Src/tim.o
 .debug_macro   0x0000000000002a49      0x235 ./Core/Src/usart.o
 .debug_macro   0x0000000000002c7e      0x1ca ./Drivers/STM32L0xx_HAL_Driver/Src/stm32l0xx_hal.o
 .debug_macro   0x0000000000002e48      0x1a6 ./Drivers/STM32L0xx_HAL_Driver/Src/stm32l0xx_hal_cortex.o
 .debug_macro   0x0000000000002fee      0x1ad ./Drivers/STM32L0xx_HAL_Driver/Src/stm32l0xx_hal_gpio.o
 .debug_macro   0x000000000000319b      0x1b5 ./Drivers/STM32L0xx_HAL_Driver/Src/stm32l0xx_hal_spi.o
 .debug_macro   0x0000000000003350      0x21d ./Drivers/STM32L0xx_HAL_Driver/Src/stm32l0xx_ll_adc.o
 .debug_macro   0x000000000000356d      0x6be ./Drivers/STM32L0xx_HAL_Driver/Src/stm32l0xx_ll_adc.o
 .debug_macro   0x0000000000003c2b      0x1e8 ./Drivers/STM32L0xx_HAL_Driver/Src/stm32l0xx_ll_gpio.o
 .debug_macro   0x0000000000003e13      0x127 ./Drivers/STM32L0xx_HAL_Driver/Src/stm32l0xx_ll_gpio.o
 .debug_macro   0x0000000000003f3a      0x1d3 ./Drivers/STM32L0xx_HAL_Driver/Src/stm32l0xx_ll_rcc.o
 .debug_macro   0x000000000000410d      0x3ae ./Drivers/STM32L0xx_HAL_Driver/Src/stm32l0xx_ll_rcc.o
 .debug_macro   0x00000000000044bb      0x206 ./Drivers/STM32L0xx_HAL_Driver/Src/stm32l0xx_ll_tim.o
 .debug_macro   0x00000000000046c1      0x53f ./Drivers/STM32L0xx_HAL_Driver/Src/stm32l0xx_ll_tim.o
 .debug_macro   0x0000000000004c00      0x21b ./Drivers/STM32L0xx_HAL_Driver/Src/stm32l0xx_ll_usart.o
 .debug_macro   0x0000000000004e1b      0x306 ./Drivers/STM32L0xx_HAL_Driver/Src/stm32l0xx_ll_usart.o
 .debug_macro   0x0000000000005121      0x24e ./Drivers/STM32L0xx_HAL_Driver/Src/stm32l0xx_ll_utils.o

.debug_line     0x0000000000000000     0xe914
 .debug_line    0x0000000000000000      0x8a1 ./Core/Src/Serial.o
 .debug_line    0x00000000000008a1      0x7c8 ./Core/Src/Shell.o
 .debug_line    0x0000000000001069      0x7e7 ./Core/Src/Timebase.o
 .debug_line    0x0000000000001850      0x8e8 ./Core/Src/adc.o
 .debug_line    0x0000000000002138      0x7cd ./Core/Src/gpio.o
 .debug_line    0x0000000000002905      0x975 ./Core/Src/led.o
 .debug_line    0x000000000000327a      0xa3f ./Core/Src/main.o
 .debug_line    0x0000000000003cb9      0x809 ./Core/Src/spi.o
 .debug_line    0x00000000000044c2      0x798 ./Core/Src/stm32l0xx_hal_msp.o
 .debug_line    0x0000000000004c5a      0x842 ./Core/Src/stm32l0xx_it.o
 .debug_line    0x000000000000549c      0x4b8 ./Core/Src/sysmem.o
 .debug_line    0x0000000000005954      0x71e ./Core/Src/system_stm32l0xx.o
 .debug_line    0x0000000000006072      0xa4c ./Core/Src/tim.o
 .debug_line    0x0000000000006abe      0x859 ./Core/Src/usart.o
 .debug_line    0x0000000000007317       0x8d ./Core/Startup/startup_stm32l021k4tx.o
 .debug_line    0x00000000000073a4      0x9c1 ./Drivers/STM32L0xx_HAL_Driver/Src/stm32l0xx_hal.o
 .debug_line    0x0000000000007d65      0x998 ./Drivers/STM32L0xx_HAL_Driver/Src/stm32l0xx_hal_cortex.o
 .debug_line    0x00000000000086fd      0xa28 ./Drivers/STM32L0xx_HAL_Driver/Src/stm32l0xx_hal_gpio.o
 .debug_line    0x0000000000009125     0x1bed ./Drivers/STM32L0xx_HAL_Driver/Src/stm32l0xx_hal_spi.o
 .debug_line    0x000000000000ad12      0x915 ./Drivers/STM32L0xx_HAL_Driver/Src/stm32l0xx_ll_adc.o
 .debug_line    0x000000000000b627      0x81a ./Drivers/STM32L0xx_HAL_Driver/Src/stm32l0xx_ll_gpio.o
 .debug_line    0x000000000000be41      0xc29 ./Drivers/STM32L0xx_HAL_Driver/Src/stm32l0xx_ll_rcc.o
 .debug_line    0x000000000000ca6a      0xb0e ./Drivers/STM32L0xx_HAL_Driver/Src/stm32l0xx_ll_tim.o
 .debug_line    0x000000000000d578      0x883 ./Drivers/STM32L0xx_HAL_Driver/Src/stm32l0xx_ll_usart.o
 .debug_line    0x000000000000ddfb      0xb19 ./Drivers/STM32L0xx_HAL_Driver/Src/stm32l0xx_ll_utils.o

.debug_str      0x0000000000000000    0x72c9c
 .debug_str     0x0000000000000000    0x695ab ./Core/Src/Serial.o
                                      0x69e2f (size before relaxing)
 .debug_str     0x00000000000695ab     0x3954 ./Core/Src/Shell.o
                                       0x78c4 (size before relaxing)
 .debug_str     0x000000000006ceff       0x9f ./Core/Src/Timebase.o
                                      0x69e0a (size before relaxing)
 .debug_str     0x000000000006cf9e      0x3c1 ./Core/Src/adc.o
                                      0x6a178 (size before relaxing)
 .debug_str     0x000000000006d35f       0x2c ./Core/Src/gpio.o
                                      0x69ebf (size before relaxing)
 .debug_str     0x000000000006d38b       0xa2 ./Core/Src/led.o
                                      0x6d56a (size before relaxing)
 .debug_str     0x000000000006d42d      0x2d7 ./Core/Src/main.o
                                      0x6a34f (size before relaxing)
 .debug_str     0x000000000006d704      0x3c4 ./Core/Src/spi.o
                                      0x6a2c7 (size before relaxing)
 .debug_str     0x000000000006dac8       0x2c ./Core/Src/stm32l0xx_hal_msp.o
                                      0x69df6 (size before relaxing)
 .debug_str     0x000000000006daf4       0xab ./Core/Src/stm32l0xx_it.o
                                      0x69e4d (size before relaxing)
 .debug_str     0x000000000006db9f      0x4dc ./Core/Src/sysmem.o
                                       0x5f82 (size before relaxing)
 .debug_str     0x000000000006e07b       0x89 ./Core/Src/system_stm32l0xx.o
                                      0x5d341 (size before relaxing)
 .debug_str     0x000000000006e104      0x2e7 ./Core/Src/tim.o
                                      0x6a2fb (size before relaxing)
 .debug_str     0x000000000006e3eb       0xbe ./Core/Src/usart.o
                                      0x69fb3 (size before relaxing)
 .debug_str     0x000000000006e4a9       0x91 ./Core/Startup/startup_stm32l021k4tx.o
 .debug_str     0x000000000006e53a      0x43f ./Drivers/STM32L0xx_HAL_Driver/Src/stm32l0xx_hal.o
                                      0x5d9dd (size before relaxing)
 .debug_str     0x000000000006e979      0x150 ./Drivers/STM32L0xx_HAL_Driver/Src/stm32l0xx_hal_cortex.o
                                      0x5d632 (size before relaxing)
 .debug_str     0x000000000006eac9      0x135 ./Drivers/STM32L0xx_HAL_Driver/Src/stm32l0xx_hal_gpio.o
                                      0x5d4e1 (size before relaxing)
 .debug_str     0x000000000006ebfe      0x5ac ./Drivers/STM32L0xx_HAL_Driver/Src/stm32l0xx_hal_spi.o
                                      0x5dc30 (size before relaxing)
 .debug_str     0x000000000006f1aa      0xe14 ./Drivers/STM32L0xx_HAL_Driver/Src/stm32l0xx_ll_adc.o
                                      0x62d60 (size before relaxing)
 .debug_str     0x000000000006ffbe      0x541 ./Drivers/STM32L0xx_HAL_Driver/Src/stm32l0xx_ll_gpio.o
                                      0x5e424 (size before relaxing)
 .debug_str     0x00000000000704ff      0x547 ./Drivers/STM32L0xx_HAL_Driver/Src/stm32l0xx_ll_rcc.o
                                      0x5f128 (size before relaxing)
 .debug_str     0x0000000000070a46      0xd67 ./Drivers/STM32L0xx_HAL_Driver/Src/stm32l0xx_ll_tim.o
                                      0x6109e (size before relaxing)
 .debug_str     0x00000000000717ad      0x81e ./Drivers/STM32L0xx_HAL_Driver/Src/stm32l0xx_ll_usart.o
                                      0x60a21 (size before relaxing)
 .debug_str     0x0000000000071fcb      0xcd1 ./Drivers/STM32L0xx_HAL_Driver/Src/stm32l0xx_ll_utils.o
                                      0x6081b (size before relaxing)

.debug_frame    0x0000000000000000     0x2f60
 .debug_frame   0x0000000000000000       0xe8 ./Core/Src/Serial.o
 .debug_frame   0x00000000000000e8       0xf8 ./Core/Src/Shell.o
 .debug_frame   0x00000000000001e0       0x8c ./Core/Src/Timebase.o
 .debug_frame   0x000000000000026c      0x174 ./Core/Src/adc.o
 .debug_frame   0x00000000000003e0       0x50 ./Core/Src/gpio.o
 .debug_frame   0x0000000000000430       0xc8 ./Core/Src/led.o
 .debug_frame   0x00000000000004f8      0x210 ./Core/Src/main.o
 .debug_frame   0x0000000000000708       0x6c ./Core/Src/spi.o
 .debug_frame   0x0000000000000774       0x2c ./Core/Src/stm32l0xx_hal_msp.o
 .debug_frame   0x00000000000007a0       0xd8 ./Core/Src/stm32l0xx_it.o
 .debug_frame   0x0000000000000878       0x30 ./Core/Src/sysmem.o
 .debug_frame   0x00000000000008a8       0x4c ./Core/Src/system_stm32l0xx.o
 .debug_frame   0x00000000000008f4      0x1b4 ./Core/Src/tim.o
 .debug_frame   0x0000000000000aa8       0xb0 ./Core/Src/usart.o
 .debug_frame   0x0000000000000b58      0x394 ./Drivers/STM32L0xx_HAL_Driver/Src/stm32l0xx_hal.o
 .debug_frame   0x0000000000000eec      0x2a0 ./Drivers/STM32L0xx_HAL_Driver/Src/stm32l0xx_hal_cortex.o
 .debug_frame   0x000000000000118c      0x110 ./Drivers/STM32L0xx_HAL_Driver/Src/stm32l0xx_hal_gpio.o
 .debug_frame   0x000000000000129c      0x6f0 ./Drivers/STM32L0xx_HAL_Driver/Src/stm32l0xx_hal_spi.o
 .debug_frame   0x000000000000198c      0x250 ./Drivers/STM32L0xx_HAL_Driver/Src/stm32l0xx_ll_adc.o
 .debug_frame   0x0000000000001bdc      0x170 ./Drivers/STM32L0xx_HAL_Driver/Src/stm32l0xx_ll_gpio.o
 .debug_frame   0x0000000000001d4c      0x42c ./Drivers/STM32L0xx_HAL_Driver/Src/stm32l0xx_ll_rcc.o
 .debug_frame   0x0000000000002178      0x3b0 ./Drivers/STM32L0xx_HAL_Driver/Src/stm32l0xx_ll_tim.o
 .debug_frame   0x0000000000002528      0x190 ./Drivers/STM32L0xx_HAL_Driver/Src/stm32l0xx_ll_usart.o
 .debug_frame   0x00000000000026b8      0x344 ./Drivers/STM32L0xx_HAL_Driver/Src/stm32l0xx_ll_utils.o
 .debug_frame   0x00000000000029fc      0x138 /opt/st/stm32cubeide_1.14.0/plugins/com.st.stm32cube.ide.mcu.externaltools.gnu-tools-for-stm32.11.3.rel1.linux64_1.1.100.202309141235/tools/bin/../lib/gcc/arm-none-eabi/11.3.1/../../../../arm-none-eabi/lib/thumb/v6-m/nofp/libc_nano.a(libc_a-findfp.o)
 .debug_frame   0x0000000000002b34       0x50 /opt/st/stm32cubeide_1.14.0/plugins/com.st.stm32cube.ide.mcu.externaltools.gnu-tools-for-stm32.11.3.rel1.linux64_1.1.100.202309141235/tools/bin/../lib/gcc/arm-none-eabi/11.3.1/../../../../arm-none-eabi/lib/thumb/v6-m/nofp/libc_nano.a(libc_a-snprintf.o)
 .debug_frame   0x0000000000002b84       0x20 /opt/st/stm32cubeide_1.14.0/plugins/com.st.stm32cube.ide.mcu.externaltools.gnu-tools-for-stm32.11.3.rel1.linux64_1.1.100.202309141235/tools/bin/../lib/gcc/arm-none-eabi/11.3.1/../../../../arm-none-eabi/lib/thumb/v6-m/nofp/libc_nano.a(libc_a-memset.o)
 .debug_frame   0x0000000000002ba4       0x2c /opt/st/stm32cubeide_1.14.0/plugins/com.st.stm32cube.ide.mcu.externaltools.gnu-tools-for-stm32.11.3.rel1.linux64_1.1.100.202309141235/tools/bin/../lib/gcc/arm-none-eabi/11.3.1/../../../../arm-none-eabi/lib/thumb/v6-m/nofp/libc_nano.a(libc_a-reent.o)
 .debug_frame   0x0000000000002bd0       0x20 /opt/st/stm32cubeide_1.14.0/plugins/com.st.stm32cube.ide.mcu.externaltools.gnu-tools-for-stm32.11.3.rel1.linux64_1.1.100.202309141235/tools/bin/../lib/gcc/arm-none-eabi/11.3.1/../../../../arm-none-eabi/lib/thumb/v6-m/nofp/libc_nano.a(libc_a-errno.o)
 .debug_frame   0x0000000000002bf0       0x2c /opt/st/stm32cubeide_1.14.0/plugins/com.st.stm32cube.ide.mcu.externaltools.gnu-tools-for-stm32.11.3.rel1.linux64_1.1.100.202309141235/tools/bin/../lib/gcc/arm-none-eabi/11.3.1/../../../../arm-none-eabi/lib/thumb/v6-m/nofp/libc_nano.a(libc_a-init.o)
 .debug_frame   0x0000000000002c1c       0xb0 /opt/st/stm32cubeide_1.14.0/plugins/com.st.stm32cube.ide.mcu.externaltools.gnu-tools-for-stm32.11.3.rel1.linux64_1.1.100.202309141235/tools/bin/../lib/gcc/arm-none-eabi/11.3.1/../../../../arm-none-eabi/lib/thumb/v6-m/nofp/libc_nano.a(libc_a-lock.o)
 .debug_frame   0x0000000000002ccc       0x2c /opt/st/stm32cubeide_1.14.0/plugins/com.st.stm32cube.ide.mcu.externaltools.gnu-tools-for-stm32.11.3.rel1.linux64_1.1.100.202309141235/tools/bin/../lib/gcc/arm-none-eabi/11.3.1/../../../../arm-none-eabi/lib/thumb/v6-m/nofp/libc_nano.a(libc_a-freer.o)
 .debug_frame   0x0000000000002cf8       0x50 /opt/st/stm32cubeide_1.14.0/plugins/com.st.stm32cube.ide.mcu.externaltools.gnu-tools-for-stm32.11.3.rel1.linux64_1.1.100.202309141235/tools/bin/../lib/gcc/arm-none-eabi/11.3.1/../../../../arm-none-eabi/lib/thumb/v6-m/nofp/libc_nano.a(libc_a-mallocr.o)
 .debug_frame   0x0000000000002d48       0x40 /opt/st/stm32cubeide_1.14.0/plugins/com.st.stm32cube.ide.mcu.externaltools.gnu-tools-for-stm32.11.3.rel1.linux64_1.1.100.202309141235/tools/bin/../lib/gcc/arm-none-eabi/11.3.1/../../../../arm-none-eabi/lib/thumb/v6-m/nofp/libc_nano.a(libc_a-mlock.o)
 .debug_frame   0x0000000000002d88       0x74 /opt/st/stm32cubeide_1.14.0/plugins/com.st.stm32cube.ide.mcu.externaltools.gnu-tools-for-stm32.11.3.rel1.linux64_1.1.100.202309141235/tools/bin/../lib/gcc/arm-none-eabi/11.3.1/../../../../arm-none-eabi/lib/thumb/v6-m/nofp/libc_nano.a(libc_a-nano-svfprintf.o)
 .debug_frame   0x0000000000002dfc       0x54 /opt/st/stm32cubeide_1.14.0/plugins/com.st.stm32cube.ide.mcu.externaltools.gnu-tools-for-stm32.11.3.rel1.linux64_1.1.100.202309141235/tools/bin/../lib/gcc/arm-none-eabi/11.3.1/../../../../arm-none-eabi/lib/thumb/v6-m/nofp/libc_nano.a(libc_a-nano-vfprintf_i.o)
 .debug_frame   0x0000000000002e50       0x28 /opt/st/stm32cubeide_1.14.0/plugins/com.st.stm32cube.ide.mcu.externaltools.gnu-tools-for-stm32.11.3.rel1.linux64_1.1.100.202309141235/tools/bin/../lib/gcc/arm-none-eabi/11.3.1/../../../../arm-none-eabi/lib/thumb/v6-m/nofp/libc_nano.a(libc_a-memmove.o)
 .debug_frame   0x0000000000002e78       0x2c /opt/st/stm32cubeide_1.14.0/plugins/com.st.stm32cube.ide.mcu.externaltools.gnu-tools-for-stm32.11.3.rel1.linux64_1.1.100.202309141235/tools/bin/../lib/gcc/arm-none-eabi/11.3.1/../../../../arm-none-eabi/lib/thumb/v6-m/nofp/libc_nano.a(libc_a-sbrkr.o)
 .debug_frame   0x0000000000002ea4       0x20 /opt/st/stm32cubeide_1.14.0/plugins/com.st.stm32cube.ide.mcu.externaltools.gnu-tools-for-stm32.11.3.rel1.linux64_1.1.100.202309141235/tools/bin/../lib/gcc/arm-none-eabi/11.3.1/../../../../arm-none-eabi/lib/thumb/v6-m/nofp/libc_nano.a(libc_a-memchr-stub.o)
 .debug_frame   0x0000000000002ec4       0x28 /opt/st/stm32cubeide_1.14.0/plugins/com.st.stm32cube.ide.mcu.externaltools.gnu-tools-for-stm32.11.3.rel1.linux64_1.1.100.202309141235/tools/bin/../lib/gcc/arm-none-eabi/11.3.1/../../../../arm-none-eabi/lib/thumb/v6-m/nofp/libc_nano.a(libc_a-memcpy-stub.o)
 .debug_frame   0x0000000000002eec       0x34 /opt/st/stm32cubeide_1.14.0/plugins/com.st.stm32cube.ide.mcu.externaltools.gnu-tools-for-stm32.11.3.rel1.linux64_1.1.100.202309141235/tools/bin/../lib/gcc/arm-none-eabi/11.3.1/../../../../arm-none-eabi/lib/thumb/v6-m/nofp/libc_nano.a(libc_a-reallocr.o)
 .debug_frame   0x0000000000002f20       0x20 /opt/st/stm32cubeide_1.14.0/plugins/com.st.stm32cube.ide.mcu.externaltools.gnu-tools-for-stm32.11.3.rel1.linux64_1.1.100.202309141235/tools/bin/../lib/gcc/arm-none-eabi/11.3.1/../../../../arm-none-eabi/lib/thumb/v6-m/nofp/libc_nano.a(libc_a-msizer.o)
 .debug_frame   0x0000000000002f40       0x20 /opt/st/stm32cubeide_1.14.0/plugins/com.st.stm32cube.ide.mcu.externaltools.gnu-tools-for-stm32.11.3.rel1.linux64_1.1.100.202309141235/tools/bin/../lib/gcc/arm-none-eabi/11.3.1/thumb/v6-m/nofp/libgcc.a(_udivsi3.o)

.debug_line_str
                0x0000000000000000       0x85
 .debug_line_str
                0x0000000000000000       0x85 ./Core/Startup/startup_stm32l021k4tx.o
                                         0x9d (size before relaxing)
