Archive member included to satisfy reference by file (symbol)

/Applications/STM32CubeIDE.app/Contents/Eclipse/plugins/com.st.stm32cube.ide.mcu.externaltools.gnu-tools-for-stm32.11.3.rel1.macos64_1.1.100.202310310803/tools/bin/../lib/gcc/arm-none-eabi/11.3.1/../../../../arm-none-eabi/lib/thumb/v6-m/nofp/libc_nano.a(libc_a-exit.o)
                              /Applications/STM32CubeIDE.app/Contents/Eclipse/plugins/com.st.stm32cube.ide.mcu.externaltools.gnu-tools-for-stm32.11.3.rel1.macos64_1.1.100.202310310803/tools/bin/../lib/gcc/arm-none-eabi/11.3.1/../../../../arm-none-eabi/lib/thumb/v6-m/nofp/crt0.o (exit)
/Applications/STM32CubeIDE.app/Contents/Eclipse/plugins/com.st.stm32cube.ide.mcu.externaltools.gnu-tools-for-stm32.11.3.rel1.macos64_1.1.100.202310310803/tools/bin/../lib/gcc/arm-none-eabi/11.3.1/../../../../arm-none-eabi/lib/thumb/v6-m/nofp/libc_nano.a(libc_a-findfp.o)
                              /Applications/STM32CubeIDE.app/Contents/Eclipse/plugins/com.st.stm32cube.ide.mcu.externaltools.gnu-tools-for-stm32.11.3.rel1.macos64_1.1.100.202310310803/tools/bin/../lib/gcc/arm-none-eabi/11.3.1/../../../../arm-none-eabi/lib/thumb/v6-m/nofp/libc_nano.a(libc_a-exit.o) (__stdio_exit_handler)
/Applications/STM32CubeIDE.app/Contents/Eclipse/plugins/com.st.stm32cube.ide.mcu.externaltools.gnu-tools-for-stm32.11.3.rel1.macos64_1.1.100.202310310803/tools/bin/../lib/gcc/arm-none-eabi/11.3.1/../../../../arm-none-eabi/lib/thumb/v6-m/nofp/libc_nano.a(libc_a-fwalk.o)
                              /Applications/STM32CubeIDE.app/Contents/Eclipse/plugins/com.st.stm32cube.ide.mcu.externaltools.gnu-tools-for-stm32.11.3.rel1.macos64_1.1.100.202310310803/tools/bin/../lib/gcc/arm-none-eabi/11.3.1/../../../../arm-none-eabi/lib/thumb/v6-m/nofp/libc_nano.a(libc_a-findfp.o) (_fwalk_sglue)
/Applications/STM32CubeIDE.app/Contents/Eclipse/plugins/com.st.stm32cube.ide.mcu.externaltools.gnu-tools-for-stm32.11.3.rel1.macos64_1.1.100.202310310803/tools/bin/../lib/gcc/arm-none-eabi/11.3.1/../../../../arm-none-eabi/lib/thumb/v6-m/nofp/libc_nano.a(libc_a-memset.o)
                              /Applications/STM32CubeIDE.app/Contents/Eclipse/plugins/com.st.stm32cube.ide.mcu.externaltools.gnu-tools-for-stm32.11.3.rel1.macos64_1.1.100.202310310803/tools/bin/../lib/gcc/arm-none-eabi/11.3.1/../../../../arm-none-eabi/lib/thumb/v6-m/nofp/crt0.o (memset)
/Applications/STM32CubeIDE.app/Contents/Eclipse/plugins/com.st.stm32cube.ide.mcu.externaltools.gnu-tools-for-stm32.11.3.rel1.macos64_1.1.100.202310310803/tools/bin/../lib/gcc/arm-none-eabi/11.3.1/../../../../arm-none-eabi/lib/thumb/v6-m/nofp/libc_nano.a(libc_a-impure.o)
                              /Applications/STM32CubeIDE.app/Contents/Eclipse/plugins/com.st.stm32cube.ide.mcu.externaltools.gnu-tools-for-stm32.11.3.rel1.macos64_1.1.100.202310310803/tools/bin/../lib/gcc/arm-none-eabi/11.3.1/../../../../arm-none-eabi/lib/thumb/v6-m/nofp/libc_nano.a(libc_a-findfp.o) (_impure_data)
/Applications/STM32CubeIDE.app/Contents/Eclipse/plugins/com.st.stm32cube.ide.mcu.externaltools.gnu-tools-for-stm32.11.3.rel1.macos64_1.1.100.202310310803/tools/bin/../lib/gcc/arm-none-eabi/11.3.1/../../../../arm-none-eabi/lib/thumb/v6-m/nofp/libc_nano.a(libc_a-errno.o)
                              ./Core/Src/syscalls.o (__errno)
/Applications/STM32CubeIDE.app/Contents/Eclipse/plugins/com.st.stm32cube.ide.mcu.externaltools.gnu-tools-for-stm32.11.3.rel1.macos64_1.1.100.202310310803/tools/bin/../lib/gcc/arm-none-eabi/11.3.1/../../../../arm-none-eabi/lib/thumb/v6-m/nofp/libc_nano.a(libc_a-init.o)
                              /Applications/STM32CubeIDE.app/Contents/Eclipse/plugins/com.st.stm32cube.ide.mcu.externaltools.gnu-tools-for-stm32.11.3.rel1.macos64_1.1.100.202310310803/tools/bin/../lib/gcc/arm-none-eabi/11.3.1/../../../../arm-none-eabi/lib/thumb/v6-m/nofp/crt0.o (__libc_init_array)
/Applications/STM32CubeIDE.app/Contents/Eclipse/plugins/com.st.stm32cube.ide.mcu.externaltools.gnu-tools-for-stm32.11.3.rel1.macos64_1.1.100.202310310803/tools/bin/../lib/gcc/arm-none-eabi/11.3.1/../../../../arm-none-eabi/lib/thumb/v6-m/nofp/libc_nano.a(libc_a-lock.o)
                              /Applications/STM32CubeIDE.app/Contents/Eclipse/plugins/com.st.stm32cube.ide.mcu.externaltools.gnu-tools-for-stm32.11.3.rel1.macos64_1.1.100.202310310803/tools/bin/../lib/gcc/arm-none-eabi/11.3.1/../../../../arm-none-eabi/lib/thumb/v6-m/nofp/libc_nano.a(libc_a-findfp.o) (__retarget_lock_init_recursive)
/Applications/STM32CubeIDE.app/Contents/Eclipse/plugins/com.st.stm32cube.ide.mcu.externaltools.gnu-tools-for-stm32.11.3.rel1.macos64_1.1.100.202310310803/tools/bin/../lib/gcc/arm-none-eabi/11.3.1/../../../../arm-none-eabi/lib/thumb/v6-m/nofp/libc_nano.a(libc_a-mallocr.o)
[...]
Memory Configuration

Name             Origin             Length             Attributes
RAM              0x0000000020000000 0x0000000000000800 xrw
FLASH            0x0000000008000000 0x0000000000004000 xr
*default*        0x0000000000000000 0xffffffffffffffff

Linker script and memory map

LOAD /Applications/STM32CubeIDE.app/Contents/Eclipse/plugins/com.st.stm32cube.ide.mcu.externaltools.gnu-tools-for-stm32.11.3.rel1.macos64_1.1.100.202310310803/tools/bin/../lib/gcc/arm-none-eabi/11.3.1/thumb/v6-m/nofp/crti.o
LOAD /Applications/STM32CubeIDE.app/Contents/Eclipse/plugins/com.st.stm32cube.ide.mcu.externaltools.gnu-tools-for-stm32.11.3.rel1.macos64_1.1.100.202310310803/tools/bin/../lib/gcc/arm-none-eabi/11.3.1/thumb/v6-m/nofp/crtbegin.o
LOAD /Applications/STM32CubeIDE.app/Contents/Eclipse/plugins/com.st.stm32cube.ide.mcu.externaltools.gnu-tools-for-stm32.11.3.rel1.macos64_1.1.100.202310310803/tools/bin/../lib/gcc/arm-none-eabi/11.3.1/../../../../arm-none-eabi/lib/thumb/v6-m/nofp/crt0.o
LOAD ./Core/Src/adc.o
LOAD ./Core/Src/gpio.o
LOAD ./Core/Src/led.o
LOAD ./Core/Src/main.o
LOAD ./Core/Src/spi.o
LOAD ./Core/Src/stm32l0xx_it.o
LOAD ./Core/Src/syscalls.o
LOAD ./Core/Src/sysmem.o
LOAD ./Core/Src/system_stm32l0xx.o
LOAD ./Core/Src/tim.o
LOAD ./Core/Src/usart.o
LOAD ./Core/Startup/startup_stm32l021k4tx.o
LOAD ./Drivers/STM32L0xx_HAL_Driver/Src/stm32l0xx_ll_adc.o
LOAD ./Drivers/STM32L0xx_HAL_Driver/Src/stm32l0xx_ll_dma.o
LOAD ./Drivers/STM32L0xx_HAL_Driver/Src/stm32l0xx_ll_exti.o
LOAD ./Drivers/STM32L0xx_HAL_Driver/Src/stm32l0xx_ll_gpio.o
LOAD ./Drivers/STM32L0xx_HAL_Driver/Src/stm32l0xx_ll_pwr.o
LOAD ./Drivers/STM32L0xx_HAL_Driver/Src/stm32l0xx_ll_rcc.o
LOAD ./Drivers/STM32L0xx_HAL_Driver/Src/stm32l0xx_ll_spi.o
LOAD ./Drivers/STM32L0xx_HAL_Driver/Src/stm32l0xx_ll_tim.o
LOAD ./Drivers/STM32L0xx_HAL_Driver/Src/stm32l0xx_ll_usart.o
LOAD ./Drivers/STM32L0xx_HAL_Driver/Src/stm32l0xx_ll_utils.o
START GROUP
LOAD /Applications/STM32CubeIDE.app/Contents/Eclipse/plugins/com.st.stm32cube.ide.mcu.externaltools.gnu-tools-for-stm32.11.3.rel1.macos64_1.1.100.202310310803/tools/bin/../lib/gcc/arm-none-eabi/11.3.1/../../../../arm-none-eabi/lib/thumb/v6-m/nofp/libc_nano.a
LOAD /Applications/STM32CubeIDE.app/Contents/Eclipse/plugins/com.st.stm32cube.ide.mcu.externaltools.gnu-tools-for-stm32.11.3.rel1.macos64_1.1.100.202310310803/tools/bin/../lib/gcc/arm-none-eabi/11.3.1/../../../../arm-none-eabi/lib/thumb/v6-m/nofp/libm.a
END GROUP
START GROUP
LOAD /Applications/STM32CubeIDE.app/Contents/Eclipse/plugins/com.st.stm32cube.ide.mcu.externaltools.gnu-tools-for-stm32.11.3.rel1.macos64_1.1.100.202310310803/tools/bin/../lib/gcc/arm-none-eabi/11.3.1/thumb/v6-m/nofp/libgcc.a
LOAD /Applications/STM32CubeIDE.app/Contents/Eclipse/plugins/com.st.stm32cube.ide.mcu.externaltools.gnu-tools-for-stm32.11.3.rel1.macos64_1.1.100.202310310803/tools/bin/../lib/gcc/arm-none-eabi/11.3.1/../../../../arm-none-eabi/lib/thumb/v6-m/nofp/libc_nano.a
END GROUP
START GROUP
LOAD /Applications/STM32CubeIDE.app/Contents/Eclipse/plugins/com.st.stm32cube.ide.mcu.externaltools.gnu-tools-for-stm32.11.3.rel1.macos64_1.1.100.202310310803/tools/bin/../lib/gcc/arm-none-eabi/11.3.1/thumb/v6-m/nofp/libgcc.a
LOAD /Applications/STM32CubeIDE.app/Contents/Eclipse/plugins/com.st.stm32cube.ide.mcu.externaltools.gnu-tools-for-stm32.11.3.rel1.macos64_1.1.100.202310310803/tools/bin/../lib/gcc/arm-none-eabi/11.3.1/../../../../arm-none-eabi/lib/thumb/v6-m/nofp/libc_nano.a
LOAD /Applications/STM32CubeIDE.app/Contents/Eclipse/plugins/com.st.stm32cube.ide.mcu.externaltools.gnu-tools-for-stm32.11.3.rel1.macos64_1.1.100.202310310803/tools/bin/../lib/gcc/arm-none-eabi/11.3.1/../../../../arm-none-eabi/lib/thumb/v6-m/nofp/libnosys.a
END GROUP
START GROUP
LOAD /Applications/STM32CubeIDE.app/Contents/Eclipse/plugins/com.st.stm32cube.ide.mcu.externaltools.gnu-tools-for-stm32.11.3.rel1.macos64_1.1.100.202310310803/tools/bin/../lib/gcc/arm-none-eabi/11.3.1/thumb/v6-m/nofp/libgcc.a
LOAD /Applications/STM32CubeIDE.app/Contents/Eclipse/plugins/com.st.stm32cube.ide.mcu.externaltools.gnu-tools-for-stm32.11.3.rel1.macos64_1.1.100.202310310803/tools/bin/../lib/gcc/arm-none-eabi/11.3.1/../../../../arm-none-eabi/lib/thumb/v6-m/nofp/libc_nano.a
LOAD /Applications/STM32CubeIDE.app/Contents/Eclipse/plugins/com.st.stm32cube.ide.mcu.externaltools.gnu-tools-for-stm32.11.3.rel1.macos64_1.1.100.202310310803/tools/bin/../lib/gcc/arm-none-eabi/11.3.1/../../../../arm-none-eabi/lib/thumb/v6-m/nofp/libnosys.a
END GROUP
LOAD /Applications/STM32CubeIDE.app/Contents/Eclipse/plugins/com.st.stm32cube.ide.mcu.externaltools.gnu-tools-for-stm32.11.3.rel1.macos64_1.1.100.202310310803/tools/bin/../lib/gcc/arm-none-eabi/11.3.1/thumb/v6-m/nofp/crtend.o
LOAD /Applications/STM32CubeIDE.app/Contents/Eclipse/plugins/com.st.stm32cube.ide.mcu.externaltools.gnu-tools-for-stm32.11.3.rel1.macos64_1.1.100.202310310803/tools/bin/../lib/gcc/arm-none-eabi/11.3.1/thumb/v6-m/nofp/crtn.o
                0x0000000020000800                _estack = (ORIGIN (RAM) + LENGTH (RAM))
                0x0000000000000200                _Min_Heap_Size = 0x200
                0x0000000000000400                _Min_Stack_Size = 0x400

.isr_vector     0x0000000008000000       0xc0
                0x0000000008000000                . = ALIGN (0x4)
 *(.isr_vector)
 .isr_vector    0x0000000008000000       0xc0 ./Core/Startup/startup_stm32l021k4tx.o
                0x0000000008000000                g_pfnVectors
                0x00000000080000c0                . = ALIGN (0x4)

.text           0x00000000080000c0     0x1e64
                0x00000000080000c0                . = ALIGN (0x4)
 *(.text)
 .text          0x00000000080000c0       0x48 /Applications/STM32CubeIDE.app/Contents/Eclipse/plugins/com.st.stm32cube.ide.mcu.externaltools.gnu-tools-for-stm32.11.3.rel1.macos64_1.1.100.202310310803/tools/bin/../lib/gcc/arm-none-eabi/11.3.1/thumb/v6-m/nofp/crtbegin.o
 .text          0x0000000008000108      0x114 /Applications/STM32CubeIDE.app/Contents/Eclipse/plugins/com.st.stm32cube.ide.mcu.externaltools.gnu-tools-for-stm32.11.3.rel1.macos64_1.1.100.202310310803/tools/bin/../lib/gcc/arm-none-eabi/11.3.1/thumb/v6-m/nofp/libgcc.a(_udivsi3.o)
                0x0000000008000108                __udivsi3
                0x0000000008000108                __aeabi_uidiv
                0x0000000008000214                __aeabi_uidivmod
 .text          0x000000000800021c        0x4 /Applications/STM32CubeIDE.app/Contents/Eclipse/plugins/com.st.stm32cube.ide.mcu.externaltools.gnu-tools-for-stm32.11.3.rel1.macos64_1.1.100.202310310803/tools/bin/../lib/gcc/arm-none-eabi/11.3.1/thumb/v6-m/nofp/libgcc.a(_dvmd_tls.o)
                0x000000000800021c                __aeabi_ldiv0
                0x000000000800021c                __aeabi_idiv0
 *(.text*)
 .text.LL_ADC_SetCommonFrequencyMode
                0x0000000008000220       0x28 ./Core/Src/adc.o
 .text.LL_ADC_SetSamplingTimeCommonChannels
                0x0000000008000248       0x24 ./Core/Src/adc.o
 .text.LL_ADC_REG_SetSequencerScanDirection
                0x000000000800026c       0x24 ./Core/Src/adc.o
 .text.LL_ADC_REG_SetSequencerChAdd
                0x0000000008000290       0x22 ./Core/Src/adc.o
 .text.LL_ADC_SetOverSamplingScope
                0x00000000080002b2       0x24 ./Core/Src/adc.o
 *fill*         0x00000000080002d6        0x2 
 .text.LL_ADC_EnableInternalRegulator
                0x00000000080002d8       0x28 ./Core/Src/adc.o
 .text.LL_ADC_DisableIT_EOC
                0x0000000008000300       0x1e ./Core/Src/adc.o
 .text.LL_ADC_DisableIT_EOS
                0x000000000800031e       0x1e ./Core/Src/adc.o
 .text.LL_APB2_GRP1_EnableClock
                0x000000000800033c       0x2c ./Core/Src/adc.o
 .text.LL_IOP_GRP1_EnableClock
                0x0000000008000368       0x2c ./Core/Src/adc.o
 .text.MX_ADC_Init
                0x0000000008000394      0x154 ./Core/Src/adc.o
                0x0000000008000394                MX_ADC_Init
 .text.LL_IOP_GRP1_EnableClock
                0x00000000080004e8       0x2c ./Core/Src/gpio.o
 .text.MX_GPIO_Init
                0x0000000008000514       0x62 ./Core/Src/gpio.o
                0x0000000008000514                MX_GPIO_Init
 .text.LL_TIM_EnableCounter
                0x0000000008000576       0x1c ./Core/Src/led.o
 .text.LL_TIM_CC_EnableChannel
                0x0000000008000592       0x1e ./Core/Src/led.o
 .text.LL_TIM_OC_SetCompareCH1
                0x00000000080005b0       0x18 ./Core/Src/led.o
 .text.LedStart
                0x00000000080005c8       0x20 ./Core/Src/led.o
                0x00000000080005c8                LedStart
 .text.LedSetValue
                0x00000000080005e8       0x24 ./Core/Src/led.o
                0x00000000080005e8                LedSetValue
 .text.LedPulse
                0x000000000800060c       0x58 ./Core/Src/led.o
                0x000000000800060c                LedPulse
 .text.__NVIC_SetPriority
                0x0000000008000664       0xdc ./Core/Src/main.o
 .text.LL_RCC_HSI_Enable
                0x0000000008000740       0x1c ./Core/Src/main.o
 .text.LL_RCC_HSI_IsReady
                0x000000000800075c       0x20 ./Core/Src/main.o
 .text.LL_RCC_HSI_SetCalibTrimming
                0x000000000800077c       0x2c ./Core/Src/main.o
 .text.LL_RCC_SetSysClkSource
                0x00000000080007a8       0x28 ./Core/Src/main.o
 .text.LL_RCC_GetSysClkSource
                0x00000000080007d0       0x18 ./Core/Src/main.o
 .text.LL_RCC_SetAHBPrescaler
                0x00000000080007e8       0x28 ./Core/Src/main.o
 .text.LL_RCC_SetAPB1Prescaler
                0x0000000008000810       0x2c ./Core/Src/main.o
 .text.LL_RCC_SetAPB2Prescaler
                0x000000000800083c       0x2c ./Core/Src/main.o
 .text.LL_RCC_SetUSARTClockSource
                0x0000000008000868       0x30 ./Core/Src/main.o
 .text.LL_APB1_GRP1_EnableClock
                0x0000000008000898       0x2c ./Core/Src/main.o
 .text.LL_APB2_GRP1_EnableClock
                0x00000000080008c4       0x2c ./Core/Src/main.o
 .text.LL_FLASH_SetLatency
                0x00000000080008f0       0x28 ./Core/Src/main.o
 .text.LL_FLASH_GetLatency
                0x0000000008000918       0x18 ./Core/Src/main.o
 .text.LL_PWR_SetRegulVoltageScaling
                0x0000000008000930       0x2c ./Core/Src/main.o
 .text.LL_PWR_IsActiveFlag_VOS
                0x000000000800095c       0x20 ./Core/Src/main.o
 .text.main     0x000000000800097c       0x48 ./Core/Src/main.o
                0x000000000800097c                main
 .text.SystemClock_Config
                0x00000000080009c4       0x88 ./Core/Src/main.o
                0x00000000080009c4                SystemClock_Config
 .text.LL_APB2_GRP1_EnableClock
                0x0000000008000a4c       0x2c ./Core/Src/spi.o
 .text.LL_IOP_GRP1_EnableClock
                0x0000000008000a78       0x2c ./Core/Src/spi.o
 .text.LL_SPI_SetStandard
                0x0000000008000aa4       0x24 ./Core/Src/spi.o
 .text.MX_SPI1_Init
                0x0000000008000ac8      0x100 ./Core/Src/spi.o
                0x0000000008000ac8                MX_SPI1_Init
 .text.NMI_Handler
                0x0000000008000bc8        0x6 ./Core/Src/stm32l0xx_it.o
                0x0000000008000bc8                NMI_Handler
 .text.HardFault_Handler
                0x0000000008000bce        0x6 ./Core/Src/stm32l0xx_it.o
                0x0000000008000bce                HardFault_Handler
 .text.SVC_Handler
                0x0000000008000bd4        0xa ./Core/Src/stm32l0xx_it.o
                0x0000000008000bd4                SVC_Handler
 .text.PendSV_Handler
                0x0000000008000bde        0xa ./Core/Src/stm32l0xx_it.o
                0x0000000008000bde                PendSV_Handler
 .text.SysTick_Handler
                0x0000000008000be8        0xa ./Core/Src/stm32l0xx_it.o
                0x0000000008000be8                SysTick_Handler
 .text.SystemInit
                0x0000000008000bf2        0xa ./Core/Src/system_stm32l0xx.o
                0x0000000008000bf2                SystemInit
 .text.LL_APB1_GRP1_EnableClock
                0x0000000008000bfc       0x2c ./Core/Src/tim.o
 .text.LL_IOP_GRP1_EnableClock
                0x0000000008000c28       0x2c ./Core/Src/tim.o
 .text.LL_TIM_DisableARRPreload
                0x0000000008000c54       0x1e ./Core/Src/tim.o
 *fill*         0x0000000008000c72        0x2 
 .text.LL_TIM_OC_DisableFast
                0x0000000008000c74       0x70 ./Core/Src/tim.o
 .text.LL_TIM_OC_EnablePreload
                0x0000000008000ce4       0x70 ./Core/Src/tim.o
 .text.LL_TIM_SetClockSource
                0x0000000008000d54       0x28 ./Core/Src/tim.o
 .text.LL_TIM_SetTriggerOutput
                0x0000000008000d7c       0x24 ./Core/Src/tim.o
 .text.LL_TIM_DisableMasterSlaveMode
                0x0000000008000da0       0x1e ./Core/Src/tim.o
 .text.MX_TIM2_Init
                0x0000000008000dbe      0x110 ./Core/Src/tim.o
                0x0000000008000dbe                MX_TIM2_Init
 *fill*         0x0000000008000ece        0x2 
 .text.LL_APB1_GRP1_EnableClock
                0x0000000008000ed0       0x2c ./Core/Src/usart.o
 .text.LL_IOP_GRP1_EnableClock
                0x0000000008000efc       0x2c ./Core/Src/usart.o
 .text.LL_USART_Enable
                0x0000000008000f28       0x1c ./Core/Src/usart.o
 .text.LL_USART_ConfigAsyncMode
                0x0000000008000f44       0x30 ./Core/Src/usart.o
 .text.MX_USART2_UART_Init
                0x0000000008000f74       0xf0 ./Core/Src/usart.o
                0x0000000008000f74                MX_USART2_UART_Init
 .text.Reset_Handler
                0x0000000008001064       0x80 ./Core/Startup/startup_stm32l021k4tx.o
                0x0000000008001064                Reset_Handler
 .text.Default_Handler
                0x00000000080010e4        0x2 ./Core/Startup/startup_stm32l021k4tx.o
                0x00000000080010e4                LPTIM1_IRQHandler
                0x00000000080010e4                PVD_IRQHandler
                0x00000000080010e4                I2C1_IRQHandler
                0x00000000080010e4                SPI1_IRQHandler
                0x00000000080010e4                EXTI2_3_IRQHandler
                0x00000000080010e4                AES_LPUART1_IRQHandler
                0x00000000080010e4                RTC_IRQHandler
                0x00000000080010e4                EXTI4_15_IRQHandler
                0x00000000080010e4                RCC_IRQHandler
                0x00000000080010e4                DMA1_Channel1_IRQHandler
                0x00000000080010e4                Default_Handler
                0x00000000080010e4                DMA1_Channel4_5_IRQHandler
                0x00000000080010e4                EXTI0_1_IRQHandler
                0x00000000080010e4                TIM21_IRQHandler
                0x00000000080010e4                WWDG_IRQHandler
                0x00000000080010e4                TIM2_IRQHandler
                0x00000000080010e4                DMA1_Channel2_3_IRQHandler
                0x00000000080010e4                USART2_IRQHandler
                0x00000000080010e4                FLASH_IRQHandler
                0x00000000080010e4                ADC1_COMP_IRQHandler
 .text.LL_ADC_IsEnabled
                0x00000000080010e6       0x20 ./Drivers/STM32L0xx_HAL_Driver/Src/stm32l0xx_ll_adc.o
 *fill*         0x0000000008001106        0x2 
 .text.LL_ADC_Init
                0x0000000008001108       0x6c ./Drivers/STM32L0xx_HAL_Driver/Src/stm32l0xx_ll_adc.o
                0x0000000008001108                LL_ADC_Init
 .text.LL_ADC_REG_Init
                0x0000000008001174       0x64 ./Drivers/STM32L0xx_HAL_Driver/Src/stm32l0xx_ll_adc.o
                0x0000000008001174                LL_ADC_REG_Init
 .text.LL_GPIO_SetPinMode
                0x00000000080011d8       0x38 ./Drivers/STM32L0xx_HAL_Driver/Src/stm32l0xx_ll_gpio.o
 .text.LL_GPIO_SetPinOutputType
                0x0000000008001210       0x2a ./Drivers/STM32L0xx_HAL_Driver/Src/stm32l0xx_ll_gpio.o
 .text.LL_GPIO_SetPinSpeed
                0x000000000800123a       0x38 ./Drivers/STM32L0xx_HAL_Driver/Src/stm32l0xx_ll_gpio.o
 .text.LL_GPIO_SetPinPull
                0x0000000008001272       0x38 ./Drivers/STM32L0xx_HAL_Driver/Src/stm32l0xx_ll_gpio.o
 .text.LL_GPIO_SetAFPin_0_7
                0x00000000080012aa       0x46 ./Drivers/STM32L0xx_HAL_Driver/Src/stm32l0xx_ll_gpio.o
 .text.LL_GPIO_SetAFPin_8_15
                0x00000000080012f0       0x5a ./Drivers/STM32L0xx_HAL_Driver/Src/stm32l0xx_ll_gpio.o
 .text.LL_GPIO_Init
                0x000000000800134a       0xbc ./Drivers/STM32L0xx_HAL_Driver/Src/stm32l0xx_ll_gpio.o
                0x000000000800134a                LL_GPIO_Init
 *fill*         0x0000000008001406        0x2 
 .text.LL_RCC_HSI_IsReady
                0x0000000008001408       0x20 ./Drivers/STM32L0xx_HAL_Driver/Src/stm32l0xx_ll_rcc.o
 .text.LL_RCC_LSE_IsReady
                0x0000000008001428       0x28 ./Drivers/STM32L0xx_HAL_Driver/Src/stm32l0xx_ll_rcc.o
 .text.LL_RCC_MSI_GetRange
                0x0000000008001450       0x18 ./Drivers/STM32L0xx_HAL_Driver/Src/stm32l0xx_ll_rcc.o
 .text.LL_RCC_GetSysClkSource
                0x0000000008001468       0x18 ./Drivers/STM32L0xx_HAL_Driver/Src/stm32l0xx_ll_rcc.o
 .text.LL_RCC_GetAHBPrescaler
                0x0000000008001480       0x18 ./Drivers/STM32L0xx_HAL_Driver/Src/stm32l0xx_ll_rcc.o
 .text.LL_RCC_GetAPB1Prescaler
                0x0000000008001498       0x18 ./Drivers/STM32L0xx_HAL_Driver/Src/stm32l0xx_ll_rcc.o
 .text.LL_RCC_GetUSARTClockSource
                0x00000000080014b0       0x24 ./Drivers/STM32L0xx_HAL_Driver/Src/stm32l0xx_ll_rcc.o
 .text.LL_RCC_PLL_GetMainSource
                0x00000000080014d4       0x18 ./Drivers/STM32L0xx_HAL_Driver/Src/stm32l0xx_ll_rcc.o
 .text.LL_RCC_PLL_GetMultiplicator
                0x00000000080014ec       0x18 ./Drivers/STM32L0xx_HAL_Driver/Src/stm32l0xx_ll_rcc.o
 .text.LL_RCC_PLL_GetDivider
                0x0000000008001504       0x18 ./Drivers/STM32L0xx_HAL_Driver/Src/stm32l0xx_ll_rcc.o
 .text.LL_RCC_IsActiveFlag_HSIDIV
                0x000000000800151c       0x20 ./Drivers/STM32L0xx_HAL_Driver/Src/stm32l0xx_ll_rcc.o
 .text.LL_RCC_GetUSARTClockFreq
                0x000000000800153c       0xac ./Drivers/STM32L0xx_HAL_Driver/Src/stm32l0xx_ll_rcc.o
                0x000000000800153c                LL_RCC_GetUSARTClockFreq
 .text.RCC_GetSystemClockFreq
                0x00000000080015e8       0x88 ./Drivers/STM32L0xx_HAL_Driver/Src/stm32l0xx_ll_rcc.o
 .text.RCC_GetHCLKClockFreq
                0x0000000008001670       0x2c ./Drivers/STM32L0xx_HAL_Driver/Src/stm32l0xx_ll_rcc.o
 .text.RCC_GetPCLK1ClockFreq
                0x000000000800169c       0x28 ./Drivers/STM32L0xx_HAL_Driver/Src/stm32l0xx_ll_rcc.o
 .text.RCC_PLL_GetFreqDomain_SYS
                0x00000000080016c4       0x70 ./Drivers/STM32L0xx_HAL_Driver/Src/stm32l0xx_ll_rcc.o
 .text.LL_SPI_IsEnabled
                0x0000000008001734       0x22 ./Drivers/STM32L0xx_HAL_Driver/Src/stm32l0xx_ll_spi.o
 .text.LL_SPI_SetCRCPolynomial
                0x0000000008001756       0x1c ./Drivers/STM32L0xx_HAL_Driver/Src/stm32l0xx_ll_spi.o
 *fill*         0x0000000008001772        0x2 
 .text.LL_SPI_Init
                0x0000000008001774       0xac ./Drivers/STM32L0xx_HAL_Driver/Src/stm32l0xx_ll_spi.o
                0x0000000008001774                LL_SPI_Init
 .text.LL_TIM_SetPrescaler
                0x0000000008001820       0x18 ./Drivers/STM32L0xx_HAL_Driver/Src/stm32l0xx_ll_tim.o
 .text.LL_TIM_SetAutoReload
                0x0000000008001838       0x18 ./Drivers/STM32L0xx_HAL_Driver/Src/stm32l0xx_ll_tim.o
 .text.LL_TIM_OC_SetCompareCH1
                0x0000000008001850       0x18 ./Drivers/STM32L0xx_HAL_Driver/Src/stm32l0xx_ll_tim.o
 .text.LL_TIM_OC_SetCompareCH2
                0x0000000008001868       0x18 ./Drivers/STM32L0xx_HAL_Driver/Src/stm32l0xx_ll_tim.o
 .text.LL_TIM_OC_SetCompareCH3
                0x0000000008001880       0x18 ./Drivers/STM32L0xx_HAL_Driver/Src/stm32l0xx_ll_tim.o
 .text.LL_TIM_OC_SetCompareCH4
                0x0000000008001898       0x18 ./Drivers/STM32L0xx_HAL_Driver/Src/stm32l0xx_ll_tim.o
 .text.LL_TIM_GenerateEvent_UPDATE
                0x00000000080018b0       0x1c ./Drivers/STM32L0xx_HAL_Driver/Src/stm32l0xx_ll_tim.o
 .text.LL_TIM_Init
                0x00000000080018cc       0x90 ./Drivers/STM32L0xx_HAL_Driver/Src/stm32l0xx_ll_tim.o
                0x00000000080018cc                LL_TIM_Init
 .text.LL_TIM_OC_Init
                0x000000000800195c       0xb2 ./Drivers/STM32L0xx_HAL_Driver/Src/stm32l0xx_ll_tim.o
                0x000000000800195c                LL_TIM_OC_Init
 .text.OC1Config
                0x0000000008001a0e       0x8c ./Drivers/STM32L0xx_HAL_Driver/Src/stm32l0xx_ll_tim.o
 *fill*         0x0000000008001a9a        0x2 
 .text.OC2Config
                0x0000000008001a9c       0x98 ./Drivers/STM32L0xx_HAL_Driver/Src/stm32l0xx_ll_tim.o
 .text.OC3Config
                0x0000000008001b34       0x94 ./Drivers/STM32L0xx_HAL_Driver/Src/stm32l0xx_ll_tim.o
 .text.OC4Config
                0x0000000008001bc8       0x9c ./Drivers/STM32L0xx_HAL_Driver/Src/stm32l0xx_ll_tim.o
 .text.LL_USART_IsEnabled
                0x0000000008001c64       0x22 ./Drivers/STM32L0xx_HAL_Driver/Src/stm32l0xx_ll_usart.o
 *fill*         0x0000000008001c86        0x2 
 .text.LL_USART_SetStopBitsLength
                0x0000000008001c88       0x28 ./Drivers/STM32L0xx_HAL_Driver/Src/stm32l0xx_ll_usart.o
 .text.LL_USART_SetHWFlowCtrl
                0x0000000008001cb0       0x28 ./Drivers/STM32L0xx_HAL_Driver/Src/stm32l0xx_ll_usart.o
 .text.LL_USART_SetBaudRate
                0x0000000008001cd8       0x78 ./Drivers/STM32L0xx_HAL_Driver/Src/stm32l0xx_ll_usart.o
 .text.LL_USART_Init
                0x0000000008001d50       0xb0 ./Drivers/STM32L0xx_HAL_Driver/Src/stm32l0xx_ll_usart.o
                0x0000000008001d50                LL_USART_Init
 .text.LL_InitTick
                0x0000000008001e00       0x34 ./Drivers/STM32L0xx_HAL_Driver/Src/stm32l0xx_ll_utils.o
 .text.LL_Init1msTick
                0x0000000008001e34       0x1e ./Drivers/STM32L0xx_HAL_Driver/Src/stm32l0xx_ll_utils.o
                0x0000000008001e34                LL_Init1msTick
 *fill*         0x0000000008001e52        0x2 
 .text.LL_mDelay
                0x0000000008001e54       0x44 ./Drivers/STM32L0xx_HAL_Driver/Src/stm32l0xx_ll_utils.o
                0x0000000008001e54                LL_mDelay
 .text.LL_SetSystemCoreClock
                0x0000000008001e98       0x1c ./Drivers/STM32L0xx_HAL_Driver/Src/stm32l0xx_ll_utils.o
                0x0000000008001e98                LL_SetSystemCoreClock
 .text.memset   0x0000000008001eb4       0x10 /Applications/STM32CubeIDE.app/Contents/Eclipse/plugins/com.st.stm32cube.ide.mcu.externaltools.gnu-tools-for-stm32.11.3.rel1.macos64_1.1.100.202310310803/tools/bin/../lib/gcc/arm-none-eabi/11.3.1/../../../../arm-none-eabi/lib/thumb/v6-m/nofp/libc_nano.a(libc_a-memset.o)
                0x0000000008001eb4                memset
 .text.__libc_init_array
                0x0000000008001ec4       0x48 /Applications/STM32CubeIDE.app/Contents/Eclipse/plugins/com.st.stm32cube.ide.mcu.externaltools.gnu-tools-for-stm32.11.3.rel1.macos64_1.1.100.202310310803/tools/bin/../lib/gcc/arm-none-eabi/11.3.1/../../../../arm-none-eabi/lib/thumb/v6-m/nofp/libc_nano.a(libc_a-init.o)
                0x0000000008001ec4                __libc_init_array
 *(.glue_7)
 .glue_7        0x0000000008001f0c        0x0 linker stubs
 *(.glue_7t)
 .glue_7t       0x0000000008001f0c        0x0 linker stubs
 *(.eh_frame)
 .eh_frame      0x0000000008001f0c        0x0 /Applications/STM32CubeIDE.app/Contents/Eclipse/plugins/com.st.stm32cube.ide.mcu.externaltools.gnu-tools-for-stm32.11.3.rel1.macos64_1.1.100.202310310803/tools/bin/../lib/gcc/arm-none-eabi/11.3.1/thumb/v6-m/nofp/crtbegin.o
 *(.init)
 .init          0x0000000008001f0c        0x4 /Applications/STM32CubeIDE.app/Contents/Eclipse/plugins/com.st.stm32cube.ide.mcu.externaltools.gnu-tools-for-stm32.11.3.rel1.macos64_1.1.100.202310310803/tools/bin/../lib/gcc/arm-none-eabi/11.3.1/thumb/v6-m/nofp/crti.o
                0x0000000008001f0c                _init
 .init          0x0000000008001f10        0x8 /Applications/STM32CubeIDE.app/Contents/Eclipse/plugins/com.st.stm32cube.ide.mcu.externaltools.gnu-tools-for-stm32.11.3.rel1.macos64_1.1.100.202310310803/tools/bin/../lib/gcc/arm-none-eabi/11.3.1/thumb/v6-m/nofp/crtn.o
 *(.fini)
 .fini          0x0000000008001f18        0x4 /Applications/STM32CubeIDE.app/Contents/Eclipse/plugins/com.st.stm32cube.ide.mcu.externaltools.gnu-tools-for-stm32.11.3.rel1.macos64_1.1.100.202310310803/tools/bin/../lib/gcc/arm-none-eabi/11.3.1/thumb/v6-m/nofp/crti.o
                0x0000000008001f18                _fini
 .fini          0x0000000008001f1c        0x8 /Applications/STM32CubeIDE.app/Contents/Eclipse/plugins/com.st.stm32cube.ide.mcu.externaltools.gnu-tools-for-stm32.11.3.rel1.macos64_1.1.100.202310310803/tools/bin/../lib/gcc/arm-none-eabi/11.3.1/thumb/v6-m/nofp/crtn.o
                0x0000000008001f24                . = ALIGN (0x4)
                0x0000000008001f24                _etext = .

.vfp11_veneer   0x0000000008001f24        0x0
 .vfp11_veneer  0x0000000008001f24        0x0 linker stubs

.v4_bx          0x0000000008001f24        0x0
 .v4_bx         0x0000000008001f24        0x0 linker stubs

.iplt           0x0000000008001f24        0x0
 .iplt          0x0000000008001f24        0x0 /Applications/STM32CubeIDE.app/Contents/Eclipse/plugins/com.st.stm32cube.ide.mcu.externaltools.gnu-tools-for-stm32.11.3.rel1.macos64_1.1.100.202310310803/tools/bin/../lib/gcc/arm-none-eabi/11.3.1/thumb/v6-m/nofp/crtbegin.o

.rodata         0x0000000008001f24       0x34
                0x0000000008001f24                . = ALIGN (0x4)
 *(.rodata)
 *(.rodata*)
 .rodata.AHBPrescTable
                0x0000000008001f24       0x10 ./Core/Src/system_stm32l0xx.o
                0x0000000008001f24                AHBPrescTable
 .rodata.APBPrescTable
                0x0000000008001f34        0x8 ./Core/Src/system_stm32l0xx.o
                0x0000000008001f34                APBPrescTable
 .rodata.PLLMulTable
                0x0000000008001f3c        0x9 ./Core/Src/system_stm32l0xx.o
                0x0000000008001f3c                PLLMulTable
 *fill*         0x0000000008001f45        0x3 
 .rodata.OFFSET_TAB_CCMRx
                0x0000000008001f48        0x7 ./Core/Src/tim.o
 *fill*         0x0000000008001f4f        0x1 
 .rodata.SHIFT_TAB_OCxx
                0x0000000008001f50        0x7 ./Core/Src/tim.o
                0x0000000008001f58                . = ALIGN (0x4)
 *fill*         0x0000000008001f57        0x1 

.rel.dyn        0x0000000008001f58        0x0
 .rel.iplt      0x0000000008001f58        0x0 /Applications/STM32CubeIDE.app/Contents/Eclipse/plugins/com.st.stm32cube.ide.mcu.externaltools.gnu-tools-for-stm32.11.3.rel1.macos64_1.1.100.202310310803/tools/bin/../lib/gcc/arm-none-eabi/11.3.1/thumb/v6-m/nofp/crtbegin.o

.ARM.extab      0x0000000008001f58        0x0
                0x0000000008001f58                . = ALIGN (0x4)
 *(.ARM.extab* .gnu.linkonce.armextab.*)
                0x0000000008001f58                . = ALIGN (0x4)

.ARM            0x0000000008001f58        0x0
                0x0000000008001f58                . = ALIGN (0x4)
                0x0000000008001f58                __exidx_start = .
 *(.ARM.exidx*)
                0x0000000008001f58                __exidx_end = .
                0x0000000008001f58                . = ALIGN (0x4)

.preinit_array  0x0000000008001f58        0x0
                0x0000000008001f58                . = ALIGN (0x4)
                0x0000000008001f58                PROVIDE (__preinit_array_start = .)
 *(.preinit_array*)
                0x0000000008001f58                PROVIDE (__preinit_array_end = .)
                0x0000000008001f58                . = ALIGN (0x4)

.init_array     0x0000000008001f58        0x4
                0x0000000008001f58                . = ALIGN (0x4)
                0x0000000008001f58                PROVIDE (__init_array_start = .)
 *(SORT_BY_NAME(.init_array.*))
 *(.init_array*)
 .init_array    0x0000000008001f58        0x4 /Applications/STM32CubeIDE.app/Contents/Eclipse/plugins/com.st.stm32cube.ide.mcu.externaltools.gnu-tools-for-stm32.11.3.rel1.macos64_1.1.100.202310310803/tools/bin/../lib/gcc/arm-none-eabi/11.3.1/thumb/v6-m/nofp/crtbegin.o
                0x0000000008001f5c                PROVIDE (__init_array_end = .)
                0x0000000008001f5c                . = ALIGN (0x4)

.fini_array     0x0000000008001f5c        0x4
                0x0000000008001f5c                . = ALIGN (0x4)
                [!provide]                        PROVIDE (__fini_array_start = .)
 *(SORT_BY_NAME(.fini_array.*))
 *(.fini_array*)
 .fini_array    0x0000000008001f5c        0x4 /Applications/STM32CubeIDE.app/Contents/Eclipse/plugins/com.st.stm32cube.ide.mcu.externaltools.gnu-tools-for-stm32.11.3.rel1.macos64_1.1.100.202310310803/tools/bin/../lib/gcc/arm-none-eabi/11.3.1/thumb/v6-m/nofp/crtbegin.o
                [!provide]                        PROVIDE (__fini_array_end = .)
                0x0000000008001f60                . = ALIGN (0x4)
                0x0000000008001f60                _sidata = LOADADDR (.data)

.data           0x0000000020000000        0x4 load address 0x0000000008001f60
                0x0000000020000000                . = ALIGN (0x4)
                0x0000000020000000                _sdata = .
 *(.data)
 *(.data*)
 .data.SystemCoreClock
                0x0000000020000000        0x4 ./Core/Src/system_stm32l0xx.o
                0x0000000020000000                SystemCoreClock
 *(.RamFunc)
 *(.RamFunc*)
                0x0000000020000004                . = ALIGN (0x4)
                0x0000000020000004                _edata = .

.igot.plt       0x0000000020000004        0x0 load address 0x0000000008001f64
 .igot.plt      0x0000000020000004        0x0 /Applications/STM32CubeIDE.app/Contents/Eclipse/plugins/com.st.stm32cube.ide.mcu.externaltools.gnu-tools-for-stm32.11.3.rel1.macos64_1.1.100.202310310803/tools/bin/../lib/gcc/arm-none-eabi/11.3.1/thumb/v6-m/nofp/crtbegin.o
                0x0000000020000004                . = ALIGN (0x4)

.bss            0x0000000020000004       0x20 load address 0x0000000008001f64
                0x0000000020000004                _sbss = .
                0x0000000020000004                __bss_start__ = _sbss
 *(.bss)
 .bss           0x0000000020000004       0x1c /Applications/STM32CubeIDE.app/Contents/Eclipse/plugins/com.st.stm32cube.ide.mcu.externaltools.gnu-tools-for-stm32.11.3.rel1.macos64_1.1.100.202310310803/tools/bin/../lib/gcc/arm-none-eabi/11.3.1/thumb/v6-m/nofp/crtbegin.o
 *(.bss*)
 .bss.ledStatus
                0x0000000020000020        0x2 ./Core/Src/led.o
                0x0000000020000020                ledStatus
 *(COMMON)
                0x0000000020000024                . = ALIGN (0x4)
 *fill*         0x0000000020000022        0x2 
                0x0000000020000024                _ebss = .
                0x0000000020000024                __bss_end__ = _ebss

._user_heap_stack
                0x0000000020000024      0x604 load address 0x0000000008001f64
                0x0000000020000028                . = ALIGN (0x8)
 *fill*         0x0000000020000024        0x4 
                [!provide]                        PROVIDE (end = .)
                0x0000000020000028                PROVIDE (_end = .)
                0x0000000020000228                . = (. + _Min_Heap_Size)
 *fill*         0x0000000020000028      0x200 
                0x0000000020000628                . = (. + _Min_Stack_Size)
 *fill*         0x0000000020000228      0x400 
                0x0000000020000628                . = ALIGN (0x8)

/DISCARD/
 libc.a(*)
 libm.a(*)
 libgcc.a(*)

.ARM.attributes
                0x0000000000000000       0x28
 *(.ARM.attributes)
 .ARM.attributes
                0x0000000000000000       0x1e /Applications/STM32CubeIDE.app/Contents/Eclipse/plugins/com.st.stm32cube.ide.mcu.externaltools.gnu-tools-for-stm32.11.3.rel1.macos64_1.1.100.202310310803/tools/bin/../lib/gcc/arm-none-eabi/11.3.1/thumb/v6-m/nofp/crti.o
 .ARM.attributes
                0x000000000000001e       0x2c /Applications/STM32CubeIDE.app/Contents/Eclipse/plugins/com.st.stm32cube.ide.mcu.externaltools.gnu-tools-for-stm32.11.3.rel1.macos64_1.1.100.202310310803/tools/bin/../lib/gcc/arm-none-eabi/11.3.1/thumb/v6-m/nofp/crtbegin.o
 .ARM.attributes
                0x000000000000004a       0x2c ./Core/Src/adc.o
 .ARM.attributes
                0x0000000000000076       0x2c ./Core/Src/gpio.o
 .ARM.attributes
                0x00000000000000a2       0x2c ./Core/Src/led.o
 .ARM.attributes
                0x00000000000000ce       0x2c ./Core/Src/main.o
 .ARM.attributes
                0x00000000000000fa       0x2c ./Core/Src/spi.o
 .ARM.attributes
                0x0000000000000126       0x2c ./Core/Src/stm32l0xx_it.o
 .ARM.attributes
                0x0000000000000152       0x2c ./Core/Src/system_stm32l0xx.o
 .ARM.attributes
                0x000000000000017e       0x2c ./Core/Src/tim.o
 .ARM.attributes
                0x00000000000001aa       0x2c ./Core/Src/usart.o
 .ARM.attributes
                0x00000000000001d6       0x22 ./Core/Startup/startup_stm32l021k4tx.o
 .ARM.attributes
                0x00000000000001f8       0x2c ./Drivers/STM32L0xx_HAL_Driver/Src/stm32l0xx_ll_adc.o
 .ARM.attributes
                0x0000000000000224       0x2c ./Drivers/STM32L0xx_HAL_Driver/Src/stm32l0xx_ll_gpio.o
 .ARM.attributes
                0x0000000000000250       0x2c ./Drivers/STM32L0xx_HAL_Driver/Src/stm32l0xx_ll_rcc.o
 .ARM.attributes
                0x000000000000027c       0x2c ./Drivers/STM32L0xx_HAL_Driver/Src/stm32l0xx_ll_spi.o
 .ARM.attributes
                0x00000000000002a8       0x2c ./Drivers/STM32L0xx_HAL_Driver/Src/stm32l0xx_ll_tim.o
 .ARM.attributes
                0x00000000000002d4       0x2c ./Drivers/STM32L0xx_HAL_Driver/Src/stm32l0xx_ll_usart.o
 .ARM.attributes
                0x0000000000000300       0x2c ./Drivers/STM32L0xx_HAL_Driver/Src/stm32l0xx_ll_utils.o
 .ARM.attributes
                0x000000000000032c       0x2c /Applications/STM32CubeIDE.app/Contents/Eclipse/plugins/com.st.stm32cube.ide.mcu.externaltools.gnu-tools-for-stm32.11.3.rel1.macos64_1.1.100.202310310803/tools/bin/../lib/gcc/arm-none-eabi/11.3.1/../../../../arm-none-eabi/lib/thumb/v6-m/nofp/libc_nano.a(libc_a-memset.o)
 .ARM.attributes
                0x0000000000000358       0x2c /Applications/STM32CubeIDE.app/Contents/Eclipse/plugins/com.st.stm32cube.ide.mcu.externaltools.gnu-tools-for-stm32.11.3.rel1.macos64_1.1.100.202310310803/tools/bin/../lib/gcc/arm-none-eabi/11.3.1/../../../../arm-none-eabi/lib/thumb/v6-m/nofp/libc_nano.a(libc_a-init.o)
 .ARM.attributes
                0x0000000000000384       0x1e /Applications/STM32CubeIDE.app/Contents/Eclipse/plugins/com.st.stm32cube.ide.mcu.externaltools.gnu-tools-for-stm32.11.3.rel1.macos64_1.1.100.202310310803/tools/bin/../lib/gcc/arm-none-eabi/11.3.1/thumb/v6-m/nofp/libgcc.a(_udivsi3.o)
 .ARM.attributes
                0x00000000000003a2       0x1e /Applications/STM32CubeIDE.app/Contents/Eclipse/plugins/com.st.stm32cube.ide.mcu.externaltools.gnu-tools-for-stm32.11.3.rel1.macos64_1.1.100.202310310803/tools/bin/../lib/gcc/arm-none-eabi/11.3.1/thumb/v6-m/nofp/libgcc.a(_dvmd_tls.o)
 .ARM.attributes
                0x00000000000003c0       0x1e /Applications/STM32CubeIDE.app/Contents/Eclipse/plugins/com.st.stm32cube.ide.mcu.externaltools.gnu-tools-for-stm32.11.3.rel1.macos64_1.1.100.202310310803/tools/bin/../lib/gcc/arm-none-eabi/11.3.1/thumb/v6-m/nofp/crtn.o
OUTPUT(STM32L021K4.elf elf32-littlearm)
LOAD linker stubs
LOAD /Applications/STM32CubeIDE.app/Contents/Eclipse/plugins/com.st.stm32cube.ide.mcu.externaltools.gnu-tools-for-stm32.11.3.rel1.macos64_1.1.100.202310310803/tools/bin/../lib/gcc/arm-none-eabi/11.3.1/../../../../arm-none-eabi/lib/thumb/v6-m/nofp/libc.a
LOAD /Applications/STM32CubeIDE.app/Contents/Eclipse/plugins/com.st.stm32cube.ide.mcu.externaltools.gnu-tools-for-stm32.11.3.rel1.macos64_1.1.100.202310310803/tools/bin/../lib/gcc/arm-none-eabi/11.3.1/../../../../arm-none-eabi/lib/thumb/v6-m/nofp/libm.a
LOAD /Applications/STM32CubeIDE.app/Contents/Eclipse/plugins/com.st.stm32cube.ide.mcu.externaltools.gnu-tools-for-stm32.11.3.rel1.macos64_1.1.100.202310310803/tools/bin/../lib/gcc/arm-none-eabi/11.3.1/thumb/v6-m/nofp/libgcc.a

.comment        0x0000000000000000       0x43
 .comment       0x0000000000000000       0x43 /Applications/STM32CubeIDE.app/Contents/Eclipse/plugins/com.st.stm32cube.ide.mcu.externaltools.gnu-tools-for-stm32.11.3.rel1.macos64_1.1.100.202310310803/tools/bin/../lib/gcc/arm-none-eabi/11.3.1/thumb/v6-m/nofp/crtbegin.o
                                         0x44 (size before relaxing)
 .comment       0x0000000000000043       0x44 ./Core/Src/adc.o
 .comment       0x0000000000000043       0x44 ./Core/Src/gpio.o
 .comment       0x0000000000000043       0x44 ./Core/Src/led.o
 .comment       0x0000000000000043       0x44 ./Core/Src/main.o
 .comment       0x0000000000000043       0x44 ./Core/Src/spi.o
 .comment       0x0000000000000043       0x44 ./Core/Src/stm32l0xx_it.o
 .comment       0x0000000000000043       0x44 ./Core/Src/system_stm32l0xx.o
 .comment       0x0000000000000043       0x44 ./Core/Src/tim.o
 .comment       0x0000000000000043       0x44 ./Core/Src/usart.o
 .comment       0x0000000000000043       0x44 ./Drivers/STM32L0xx_HAL_Driver/Src/stm32l0xx_ll_adc.o
 .comment       0x0000000000000043       0x44 ./Drivers/STM32L0xx_HAL_Driver/Src/stm32l0xx_ll_gpio.o
 .comment       0x0000000000000043       0x44 ./Drivers/STM32L0xx_HAL_Driver/Src/stm32l0xx_ll_rcc.o
 .comment       0x0000000000000043       0x44 ./Drivers/STM32L0xx_HAL_Driver/Src/stm32l0xx_ll_spi.o
 .comment       0x0000000000000043       0x44 ./Drivers/STM32L0xx_HAL_Driver/Src/stm32l0xx_ll_tim.o
 .comment       0x0000000000000043       0x44 ./Drivers/STM32L0xx_HAL_Driver/Src/stm32l0xx_ll_usart.o
 .comment       0x0000000000000043       0x44 ./Drivers/STM32L0xx_HAL_Driver/Src/stm32l0xx_ll_utils.o

.debug_info     0x0000000000000000     0x612b
 .debug_info    0x0000000000000000      0x825 ./Core/Src/adc.o
 .debug_info    0x0000000000000825      0x3e2 ./Core/Src/gpio.o
 .debug_info    0x0000000000000c07      0x35f ./Core/Src/led.o
 .debug_info    0x0000000000000f66      0x869 ./Core/Src/main.o
 .debug_info    0x00000000000017cf      0x577 ./Core/Src/spi.o
 .debug_info    0x0000000000001d46      0x15d ./Core/Src/stm32l0xx_it.o
 .debug_info    0x0000000000001ea3      0x2c9 ./Core/Src/system_stm32l0xx.o
 .debug_info    0x000000000000216c      0x7af ./Core/Src/tim.o
 .debug_info    0x000000000000291b      0x5a2 ./Core/Src/usart.o
 .debug_info    0x0000000000002ebd       0x23 ./Core/Startup/startup_stm32l021k4tx.o
 .debug_info    0x0000000000002ee0      0x742 ./Drivers/STM32L0xx_HAL_Driver/Src/stm32l0xx_ll_adc.o
 .debug_info    0x0000000000003622      0x566 ./Drivers/STM32L0xx_HAL_Driver/Src/stm32l0xx_ll_gpio.o
 .debug_info    0x0000000000003b88      0x70a ./Drivers/STM32L0xx_HAL_Driver/Src/stm32l0xx_ll_rcc.o
 .debug_info    0x0000000000004292      0x41a ./Drivers/STM32L0xx_HAL_Driver/Src/stm32l0xx_ll_spi.o
 .debug_info    0x00000000000046ac      0xc1b ./Drivers/STM32L0xx_HAL_Driver/Src/stm32l0xx_ll_tim.o
 .debug_info    0x00000000000052c7      0x5fa ./Drivers/STM32L0xx_HAL_Driver/Src/stm32l0xx_ll_usart.o
 .debug_info    0x00000000000058c1      0x86a ./Drivers/STM32L0xx_HAL_Driver/Src/stm32l0xx_ll_utils.o

.debug_abbrev   0x0000000000000000     0x1ad3
 .debug_abbrev  0x0000000000000000      0x192 ./Core/Src/adc.o
 .debug_abbrev  0x0000000000000192      0x17e ./Core/Src/gpio.o
 .debug_abbrev  0x0000000000000310      0x17a ./Core/Src/led.o
 .debug_abbrev  0x000000000000048a      0x24d ./Core/Src/main.o
 .debug_abbrev  0x00000000000006d7      0x19c ./Core/Src/spi.o
 .debug_abbrev  0x0000000000000873       0x81 ./Core/Src/stm32l0xx_it.o
 .debug_abbrev  0x00000000000008f4      0x11c ./Core/Src/system_stm32l0xx.o
 .debug_abbrev  0x0000000000000a10      0x199 ./Core/Src/tim.o
 .debug_abbrev  0x0000000000000ba9      0x19b ./Core/Src/usart.o
 .debug_abbrev  0x0000000000000d44       0x12 ./Core/Startup/startup_stm32l021k4tx.o
 .debug_abbrev  0x0000000000000d56      0x1e1 ./Drivers/STM32L0xx_HAL_Driver/Src/stm32l0xx_ll_adc.o
 .debug_abbrev  0x0000000000000f37      0x1a6 ./Drivers/STM32L0xx_HAL_Driver/Src/stm32l0xx_ll_gpio.o
 .debug_abbrev  0x00000000000010dd      0x223 ./Drivers/STM32L0xx_HAL_Driver/Src/stm32l0xx_ll_rcc.o
 .debug_abbrev  0x0000000000001300      0x186 ./Drivers/STM32L0xx_HAL_Driver/Src/stm32l0xx_ll_spi.o
 .debug_abbrev  0x0000000000001486      0x211 ./Drivers/STM32L0xx_HAL_Driver/Src/stm32l0xx_ll_tim.o
 .debug_abbrev  0x0000000000001697      0x1e4 ./Drivers/STM32L0xx_HAL_Driver/Src/stm32l0xx_ll_usart.o
 .debug_abbrev  0x000000000000187b      0x258 ./Drivers/STM32L0xx_HAL_Driver/Src/stm32l0xx_ll_utils.o

.debug_aranges  0x0000000000000000      0x7f8
 .debug_aranges
                0x0000000000000000       0x70 ./Core/Src/adc.o
 .debug_aranges
                0x0000000000000070       0x28 ./Core/Src/gpio.o
 .debug_aranges
                0x0000000000000098       0x48 ./Core/Src/led.o
 .debug_aranges
                0x00000000000000e0       0xb0 ./Core/Src/main.o
 .debug_aranges
                0x0000000000000190       0x38 ./Core/Src/spi.o
 .debug_aranges
                0x00000000000001c8       0x40 ./Core/Src/stm32l0xx_it.o
 .debug_aranges
                0x0000000000000208       0x28 ./Core/Src/system_stm32l0xx.o
 .debug_aranges
                0x0000000000000230       0x60 ./Core/Src/tim.o
 .debug_aranges
                0x0000000000000290       0x40 ./Core/Src/usart.o
 .debug_aranges
                0x00000000000002d0       0x28 ./Core/Startup/startup_stm32l021k4tx.o
 .debug_aranges
                0x00000000000002f8       0xa8 ./Drivers/STM32L0xx_HAL_Driver/Src/stm32l0xx_ll_adc.o
 .debug_aranges
                0x00000000000003a0       0x70 ./Drivers/STM32L0xx_HAL_Driver/Src/stm32l0xx_ll_gpio.o
 .debug_aranges
                0x0000000000000410      0x130 ./Drivers/STM32L0xx_HAL_Driver/Src/stm32l0xx_ll_rcc.o
 .debug_aranges
                0x0000000000000540       0x50 ./Drivers/STM32L0xx_HAL_Driver/Src/stm32l0xx_ll_spi.o
 .debug_aranges
                0x0000000000000590      0x100 ./Drivers/STM32L0xx_HAL_Driver/Src/stm32l0xx_ll_tim.o
 .debug_aranges
                0x0000000000000690       0x78 ./Drivers/STM32L0xx_HAL_Driver/Src/stm32l0xx_ll_usart.o
 .debug_aranges
                0x0000000000000708       0xf0 ./Drivers/STM32L0xx_HAL_Driver/Src/stm32l0xx_ll_utils.o

.debug_rnglists
                0x0000000000000000      0x5c3
 .debug_rnglists
                0x0000000000000000       0x50 ./Core/Src/adc.o
 .debug_rnglists
                0x0000000000000050       0x19 ./Core/Src/gpio.o
 .debug_rnglists
                0x0000000000000069       0x31 ./Core/Src/led.o
 .debug_rnglists
                0x000000000000009a       0x81 ./Core/Src/main.o
 .debug_rnglists
                0x000000000000011b       0x26 ./Core/Src/spi.o
 .debug_rnglists
                0x0000000000000141       0x2b ./Core/Src/stm32l0xx_it.o
 .debug_rnglists
                0x000000000000016c       0x1a ./Core/Src/system_stm32l0xx.o
 .debug_rnglists
                0x0000000000000186       0x44 ./Core/Src/tim.o
 .debug_rnglists
                0x00000000000001ca       0x2c ./Core/Src/usart.o
 .debug_rnglists
                0x00000000000001f6       0x1a ./Core/Startup/startup_stm32l021k4tx.o
 .debug_rnglists
                0x0000000000000210       0x7a ./Drivers/STM32L0xx_HAL_Driver/Src/stm32l0xx_ll_adc.o
 .debug_rnglists
                0x000000000000028a       0x50 ./Drivers/STM32L0xx_HAL_Driver/Src/stm32l0xx_ll_gpio.o
 .debug_rnglists
                0x00000000000002da       0xe5 ./Drivers/STM32L0xx_HAL_Driver/Src/stm32l0xx_ll_rcc.o
 .debug_rnglists
                0x00000000000003bf       0x38 ./Drivers/STM32L0xx_HAL_Driver/Src/stm32l0xx_ll_spi.o
 .debug_rnglists
                0x00000000000003f7       0xc3 ./Drivers/STM32L0xx_HAL_Driver/Src/stm32l0xx_ll_tim.o
 .debug_rnglists
                0x00000000000004ba       0x56 ./Drivers/STM32L0xx_HAL_Driver/Src/stm32l0xx_ll_usart.o
 .debug_rnglists
                0x0000000000000510       0xb3 ./Drivers/STM32L0xx_HAL_Driver/Src/stm32l0xx_ll_utils.o

.debug_macro    0x0000000000000000     0xdc7d
 .debug_macro   0x0000000000000000      0x158 ./Core/Src/adc.o
 .debug_macro   0x0000000000000158      0xac0 ./Core/Src/adc.o
 .debug_macro   0x0000000000000c18       0x2e ./Core/Src/adc.o
 .debug_macro   0x0000000000000c46       0x28 ./Core/Src/adc.o
 .debug_macro   0x0000000000000c6e       0x22 ./Core/Src/adc.o
 .debug_macro   0x0000000000000c90       0x8e ./Core/Src/adc.o
 .debug_macro   0x0000000000000d1e       0x51 ./Core/Src/adc.o
 .debug_macro   0x0000000000000d6f      0x103 ./Core/Src/adc.o
 .debug_macro   0x0000000000000e72       0x6a ./Core/Src/adc.o
 .debug_macro   0x0000000000000edc      0x1df ./Core/Src/adc.o
 .debug_macro   0x00000000000010bb       0x1c ./Core/Src/adc.o
 .debug_macro   0x00000000000010d7       0x22 ./Core/Src/adc.o
 .debug_macro   0x00000000000010f9       0xaf ./Core/Src/adc.o
 .debug_macro   0x00000000000011a8      0x3ad ./Core/Src/adc.o
 .debug_macro   0x0000000000001555     0x7e0b ./Core/Src/adc.o
 .debug_macro   0x0000000000009360       0x66 ./Core/Src/adc.o
 .debug_macro   0x00000000000093c6      0x6be ./Core/Src/adc.o
 .debug_macro   0x0000000000009a84      0x3b4 ./Core/Src/adc.o
 .debug_macro   0x0000000000009e38       0xad ./Core/Src/adc.o
 .debug_macro   0x0000000000009ee5      0x13d ./Core/Src/adc.o
 .debug_macro   0x000000000000a022      0x108 ./Core/Src/adc.o
 .debug_macro   0x000000000000a12a       0x16 ./Core/Src/adc.o
 .debug_macro   0x000000000000a140       0x2a ./Core/Src/adc.o
 .debug_macro   0x000000000000a16a       0xda ./Core/Src/adc.o
 .debug_macro   0x000000000000a244      0x285 ./Core/Src/adc.o
 .debug_macro   0x000000000000a4c9      0x123 ./Core/Src/adc.o
 .debug_macro   0x000000000000a5ec      0x545 ./Core/Src/adc.o
 .debug_macro   0x000000000000ab31      0x30c ./Core/Src/adc.o
 .debug_macro   0x000000000000ae3d      0x12d ./Core/Src/adc.o
 .debug_macro   0x000000000000af6a       0x3a ./Core/Src/adc.o
 .debug_macro   0x000000000000afa4      0x158 ./Core/Src/gpio.o
 .debug_macro   0x000000000000b0fc      0x233 ./Core/Src/led.o
 .debug_macro   0x000000000000b32f       0x5b ./Core/Src/led.o
 .debug_macro   0x000000000000b38a       0x24 ./Core/Src/led.o
 .debug_macro   0x000000000000b3ae       0x94 ./Core/Src/led.o
 .debug_macro   0x000000000000b442       0x43 ./Core/Src/led.o
 .debug_macro   0x000000000000b485       0x34 ./Core/Src/led.o
 .debug_macro   0x000000000000b4b9       0x16 ./Core/Src/led.o
 .debug_macro   0x000000000000b4cf       0x57 ./Core/Src/led.o
 .debug_macro   0x000000000000b526       0x97 ./Core/Src/led.o
 .debug_macro   0x000000000000b5bd      0x369 ./Core/Src/led.o
 .debug_macro   0x000000000000b926       0xfd ./Core/Src/led.o
 .debug_macro   0x000000000000ba23       0x10 ./Core/Src/led.o
 .debug_macro   0x000000000000ba33       0x16 ./Core/Src/led.o
 .debug_macro   0x000000000000ba49       0x43 ./Core/Src/led.o
 .debug_macro   0x000000000000ba8c       0x34 ./Core/Src/led.o
 .debug_macro   0x000000000000bac0       0x10 ./Core/Src/led.o
 .debug_macro   0x000000000000bad0       0x58 ./Core/Src/led.o
 .debug_macro   0x000000000000bb28       0x8e ./Core/Src/led.o
 .debug_macro   0x000000000000bbb6       0x1c ./Core/Src/led.o
 .debug_macro   0x000000000000bbd2      0x177 ./Core/Src/led.o
 .debug_macro   0x000000000000bd49       0x16 ./Core/Src/led.o
 .debug_macro   0x000000000000bd5f       0x16 ./Core/Src/led.o
 .debug_macro   0x000000000000bd75      0x147 ./Core/Src/led.o
 .debug_macro   0x000000000000bebc      0x18e ./Core/Src/main.o
 .debug_macro   0x000000000000c04a      0x158 ./Core/Src/spi.o
 .debug_macro   0x000000000000c1a2      0x158 ./Core/Src/stm32l0xx_it.o
 .debug_macro   0x000000000000c2fa       0xba ./Core/Src/system_stm32l0xx.o
 .debug_macro   0x000000000000c3b4      0x158 ./Core/Src/tim.o
 .debug_macro   0x000000000000c50c      0x158 ./Core/Src/usart.o
 .debug_macro   0x000000000000c664      0x131 ./Drivers/STM32L0xx_HAL_Driver/Src/stm32l0xx_ll_adc.o
 .debug_macro   0x000000000000c795       0xfc ./Drivers/STM32L0xx_HAL_Driver/Src/stm32l0xx_ll_gpio.o
 .debug_macro   0x000000000000c891      0x127 ./Drivers/STM32L0xx_HAL_Driver/Src/stm32l0xx_ll_gpio.o
 .debug_macro   0x000000000000c9b8       0xe7 ./Drivers/STM32L0xx_HAL_Driver/Src/stm32l0xx_ll_rcc.o
 .debug_macro   0x000000000000ca9f      0x3ae ./Drivers/STM32L0xx_HAL_Driver/Src/stm32l0xx_ll_rcc.o
 .debug_macro   0x000000000000ce4d      0x123 ./Drivers/STM32L0xx_HAL_Driver/Src/stm32l0xx_ll_spi.o
 .debug_macro   0x000000000000cf70      0x11d ./Drivers/STM32L0xx_HAL_Driver/Src/stm32l0xx_ll_spi.o
 .debug_macro   0x000000000000d08d      0x11a ./Drivers/STM32L0xx_HAL_Driver/Src/stm32l0xx_ll_tim.o
 .debug_macro   0x000000000000d1a7      0x53f ./Drivers/STM32L0xx_HAL_Driver/Src/stm32l0xx_ll_tim.o
 .debug_macro   0x000000000000d6e6      0x12f ./Drivers/STM32L0xx_HAL_Driver/Src/stm32l0xx_ll_usart.o
 .debug_macro   0x000000000000d815      0x306 ./Drivers/STM32L0xx_HAL_Driver/Src/stm32l0xx_ll_usart.o
 .debug_macro   0x000000000000db1b      0x162 ./Drivers/STM32L0xx_HAL_Driver/Src/stm32l0xx_ll_utils.o

.debug_line     0x0000000000000000     0x769e
 .debug_line    0x0000000000000000      0x743 ./Core/Src/adc.o
 .debug_line    0x0000000000000743      0x628 ./Core/Src/gpio.o
 .debug_line    0x0000000000000d6b      0x7f0 ./Core/Src/led.o
 .debug_line    0x000000000000155b      0x8fb ./Core/Src/main.o
 .debug_line    0x0000000000001e56      0x69b ./Core/Src/spi.o
 .debug_line    0x00000000000024f1      0x652 ./Core/Src/stm32l0xx_it.o
 .debug_line    0x0000000000002b43      0x533 ./Core/Src/system_stm32l0xx.o
 .debug_line    0x0000000000003076      0x7b5 ./Core/Src/tim.o
 .debug_line    0x000000000000382b      0x6b4 ./Core/Src/usart.o
 .debug_line    0x0000000000003edf       0x8d ./Core/Startup/startup_stm32l021k4tx.o
 .debug_line    0x0000000000003f6c      0x74e ./Drivers/STM32L0xx_HAL_Driver/Src/stm32l0xx_ll_adc.o
 .debug_line    0x00000000000046ba      0x653 ./Drivers/STM32L0xx_HAL_Driver/Src/stm32l0xx_ll_gpio.o
 .debug_line    0x0000000000004d0d      0xa62 ./Drivers/STM32L0xx_HAL_Driver/Src/stm32l0xx_ll_rcc.o
 .debug_line    0x000000000000576f      0x5da ./Drivers/STM32L0xx_HAL_Driver/Src/stm32l0xx_ll_spi.o
 .debug_line    0x0000000000005d49      0x947 ./Drivers/STM32L0xx_HAL_Driver/Src/stm32l0xx_ll_tim.o
 .debug_line    0x0000000000006690      0x6bc ./Drivers/STM32L0xx_HAL_Driver/Src/stm32l0xx_ll_usart.o
 .debug_line    0x0000000000006d4c      0x952 ./Drivers/STM32L0xx_HAL_Driver/Src/stm32l0xx_ll_utils.o

.debug_str      0x0000000000000000    0x46b03
 .debug_str     0x0000000000000000    0x3e59c ./Core/Src/adc.o
                                      0x3e838 (size before relaxing)
 .debug_str     0x000000000003e59c       0x2c ./Core/Src/gpio.o
                                      0x3e57f (size before relaxing)
 .debug_str     0x000000000003e5c8     0x3ade ./Core/Src/led.o
                                      0x41f60 (size before relaxing)
 .debug_str     0x00000000000420a6      0x3ca ./Core/Src/main.o
                                      0x3e98a (size before relaxing)
 .debug_str     0x0000000000042470       0xcd ./Core/Src/spi.o
                                      0x3e663 (size before relaxing)
 .debug_str     0x000000000004253d       0x76 ./Core/Src/stm32l0xx_it.o
                                      0x3e454 (size before relaxing)
 .debug_str     0x00000000000425b3       0x89 ./Core/Src/system_stm32l0xx.o
                                      0x31253 (size before relaxing)
 .debug_str     0x000000000004263c      0x177 ./Core/Src/tim.o
                                      0x3e78a (size before relaxing)
 .debug_str     0x00000000000427b3       0xc1 ./Core/Src/usart.o
                                      0x3e673 (size before relaxing)
 .debug_str     0x0000000000042874       0x34 ./Core/Startup/startup_stm32l021k4tx.o
                                         0x91 (size before relaxing)
 .debug_str     0x00000000000428a8      0xe39 ./Drivers/STM32L0xx_HAL_Driver/Src/stm32l0xx_ll_adc.o
                                      0x36c90 (size before relaxing)
 .debug_str     0x00000000000436e1      0x547 ./Drivers/STM32L0xx_HAL_Driver/Src/stm32l0xx_ll_gpio.o
                                      0x32354 (size before relaxing)
 .debug_str     0x0000000000043c28      0x547 ./Drivers/STM32L0xx_HAL_Driver/Src/stm32l0xx_ll_rcc.o
                                      0x33058 (size before relaxing)
 .debug_str     0x000000000004416f      0x744 ./Drivers/STM32L0xx_HAL_Driver/Src/stm32l0xx_ll_spi.o
                                      0x33d96 (size before relaxing)
 .debug_str     0x00000000000448b3      0xd6e ./Drivers/STM32L0xx_HAL_Driver/Src/stm32l0xx_ll_tim.o
                                      0x34fce (size before relaxing)
 .debug_str     0x0000000000045621      0x805 ./Drivers/STM32L0xx_HAL_Driver/Src/stm32l0xx_ll_usart.o
                                      0x34951 (size before relaxing)
 .debug_str     0x0000000000045e26      0xcdd ./Drivers/STM32L0xx_HAL_Driver/Src/stm32l0xx_ll_utils.o
                                      0x34781 (size before relaxing)

.debug_frame    0x0000000000000000     0x1a04
 .debug_frame   0x0000000000000000      0x174 ./Core/Src/adc.o
 .debug_frame   0x0000000000000174       0x50 ./Core/Src/gpio.o
 .debug_frame   0x00000000000001c4       0xc8 ./Core/Src/led.o
 .debug_frame   0x000000000000028c      0x250 ./Core/Src/main.o
 .debug_frame   0x00000000000004dc       0x90 ./Core/Src/spi.o
 .debug_frame   0x000000000000056c       0x9c ./Core/Src/stm32l0xx_it.o
 .debug_frame   0x0000000000000608       0x4c ./Core/Src/system_stm32l0xx.o
 .debug_frame   0x0000000000000654      0x134 ./Core/Src/tim.o
 .debug_frame   0x0000000000000788       0xb0 ./Core/Src/usart.o
 .debug_frame   0x0000000000000838      0x250 ./Drivers/STM32L0xx_HAL_Driver/Src/stm32l0xx_ll_adc.o
 .debug_frame   0x0000000000000a88      0x170 ./Drivers/STM32L0xx_HAL_Driver/Src/stm32l0xx_ll_gpio.o
 .debug_frame   0x0000000000000bf8      0x42c ./Drivers/STM32L0xx_HAL_Driver/Src/stm32l0xx_ll_rcc.o
 .debug_frame   0x0000000000001024       0xf0 ./Drivers/STM32L0xx_HAL_Driver/Src/stm32l0xx_ll_spi.o
 .debug_frame   0x0000000000001114      0x3b0 ./Drivers/STM32L0xx_HAL_Driver/Src/stm32l0xx_ll_tim.o
 .debug_frame   0x00000000000014c4      0x190 ./Drivers/STM32L0xx_HAL_Driver/Src/stm32l0xx_ll_usart.o
 .debug_frame   0x0000000000001654      0x344 ./Drivers/STM32L0xx_HAL_Driver/Src/stm32l0xx_ll_utils.o
 .debug_frame   0x0000000000001998       0x20 /Applications/STM32CubeIDE.app/Contents/Eclipse/plugins/com.st.stm32cube.ide.mcu.externaltools.gnu-tools-for-stm32.11.3.rel1.macos64_1.1.100.202310310803/tools/bin/../lib/gcc/arm-none-eabi/11.3.1/../../../../arm-none-eabi/lib/thumb/v6-m/nofp/libc_nano.a(libc_a-memset.o)
 .debug_frame   0x00000000000019b8       0x2c /Applications/STM32CubeIDE.app/Contents/Eclipse/plugins/com.st.stm32cube.ide.mcu.externaltools.gnu-tools-for-stm32.11.3.rel1.macos64_1.1.100.202310310803/tools/bin/../lib/gcc/arm-none-eabi/11.3.1/../../../../arm-none-eabi/lib/thumb/v6-m/nofp/libc_nano.a(libc_a-init.o)
 .debug_frame   0x00000000000019e4       0x20 /Applications/STM32CubeIDE.app/Contents/Eclipse/plugins/com.st.stm32cube.ide.mcu.externaltools.gnu-tools-for-stm32.11.3.rel1.macos64_1.1.100.202310310803/tools/bin/../lib/gcc/arm-none-eabi/11.3.1/thumb/v6-m/nofp/libgcc.a(_udivsi3.o)

.debug_line_str
                0x0000000000000000       0x85
 .debug_line_str
                0x0000000000000000       0x85 ./Core/Startup/startup_stm32l021k4tx.o
                                         0x9d (size before relaxing)
